<html>
<body>
<pre>
<h1>µVision Build Log</h1>
<h2>Project:</h2>
D:\code\ARM\Kitchen_Safety_Heat_and_Gas_Monitoring_System\kitchen_Safety_Monitoring.uvproj
Project File Date:  09/19/2026

<h2>Output:</h2>
Rebuild target 'LPC2148'
assembling Startup.s...
compiling delay.c...
compiling LCD.c...
compiling RTC.c...
compiling LM35.c...
compiling LED_Buzzer.c...
compiling ADC_LPC2129.c...
compiling KPM.c...
compiling main.c...
linking...
Program Size: Code=5256 RO-data=32 RW-data=60 ZI-data=1260  
FromELF: creating hex file...
".\kitchen_Safety_Monitoring.axf" - 0 Error(s), 0 Warning(s).
</pre>
</body>
</html>
chen_Safety_Monitoring.axf" - 1 Error(s), 0 Warning(s).
Target not created
 Error(s), 1 Warning(s).
data=32 RW-data=56 ZI-data=1256  
FromELF: creating hex file...
".\kitchen_Safety_Monitoring.axf" - 0 Error(s), 2 Warning(s).
ted
: warning:  #223-D: function "SET_RTC_Date_Info" declared implicitly
        SET_RTC_Date_Info(18, 9, 2026);
RTC_Test.c(21): warning:  #223-D: function "SET_RTC_DAY" declared implicitly
        SET_RTC_DAY(FRI);
RTC_Test.c(26): warning:  #223-D: function "GET_RTC_Time_Info" declared implicitly
                GET_RTC_Time_Info(&hour, &min, &sec);
RTC_Test.c(27): warning:  #223-D: function "Display_RTC_Time" declared implicitly
                Display_RTC_Time(hour, min, sec);
RTC_Test.c(30): warning:  #223-D: function "GET_RTC_Date_Info" declared implicitly
                GET_RTC_Date_Info(&date, &month, &year);
RTC_Test.c(31): warning:  #223-D: function "Display_RTC_Date" declared implicitly
                Display_RTC_Date(date, month,  year);
RTC_Test.c(34): warning:  #223-D: function "GET_RTC_DAY" declared implicitly
                GET_RTC_DAY(&day);
RTC_Test.c(35): warning:  #223-D: function "Display_RTC_Day" declared implicitly
                Display_RTC_Day(day);
RTC_Test.c: 10 warnings, 0 errors
".\kitchen_Safety_Monitoring.axf" - 2 Error(s), 10 Warning(s).
Target not created
