<html>
<body>
<pre>
<h1>µVision Build Log</h1>
<h2>Project:</h2>
D:\code\ARM\Kitchen_Safety_Heat_and_Gas_Monitoring_System\kitchen_Safety_Monitoring.uvproj
Project File Date:  09/20/2026

<h2>Output:</h2>
Rebuild target 'LPC2148'
assembling Startup.s...
compiling timer0_delay.c...
compiling LCD.c...
compiling RTC.c...
compiling LM35.c...
compiling LED_Buzzer.c...
compiling ADC_LPC2148.c...
compiling KPM.c...
compiling Event_log.c...
compiling main1.c...
compiling security.c...
compiling eint0.c...
linking...
Program Size: Code=10396 RO-data=32 RW-data=136 ZI-data=1256  
FromELF: creating hex file...
".\kitchen_Safety_Monitoring.axf" - 0 Error(s), 0 Warning(s).
</pre>
</body>
</html>
 creating hex file...
".\kitchen_Safety_Monitoring.axf" - 0 Error(s), 1 Warning(s).
