ARM Linker, 5.03 [Build 76] [MDK-ARM Lite]

==============================================================================

Section Cross References

    startup.o(STACK) refers (Special) to heapauxi.o(.text) for __use_two_region_memory
    startup.o(HEAP) refers (Special) to heapauxi.o(.text) for __use_two_region_memory
    startup.o(RESET) refers (Special) to heapauxi.o(.text) for __use_two_region_memory
    startup.o(RESET) refers to startup.o(STACK) for Stack_Top
    startup.o(RESET) refers to __main.o(!!!main) for __main
    startup.o(.text) refers (Special) to heapauxi.o(.text) for __use_two_region_memory
    startup.o(.text) refers to startup.o(HEAP) for Heap_Mem
    startup.o(.text) refers to startup.o(STACK) for Stack_Mem
    lcd.o(.text) refers to timer0_delay.o(.text) for tdelay_us
    lcd.o(.text) refers to aeabi_sdiv.o(.text_udiv) for __aeabi_uidivmod
    lcd.o(.text) refers to fleqf.o(x$fpl$fleqf) for __aeabi_cfcmple
    lcd.o(.text) refers to ffixu.o(x$fpl$ffixu) for __aeabi_f2uiz
    lcd.o(.text) refers to fflt_noclz.o(x$fpl$ffltu) for __aeabi_ui2f
    lcd.o(.text) refers to faddsub_noclz.o(x$fpl$frsb) for __aeabi_frsub
    lcd.o(.text) refers to fmul.o(x$fpl$fmul) for __aeabi_fmul
    rtc.o(.text) refers to lcd.o(.text) for WRITE_LCD_CMD
    rtc.o(.text) refers to aeabi_sdiv.o(.text_udiv) for __aeabi_uidivmod
    rtc.o(.text) refers to rtc.o(.data) for week
    lm35.o(.text) refers to adc_lpc2148.o(.text) for Read_ADC
    lm35.o(.text) refers to fmul.o(x$fpl$fmul) for __aeabi_fmul
    lm35.o(.text) refers to f2d.o(x$fpl$f2d) for __aeabi_f2d
    lm35.o(.text) refers to dmul.o(x$fpl$dmul) for __aeabi_dmul
    lm35.o(.text) refers to daddsub_noclz.o(x$fpl$dadd) for __aeabi_dadd
    lm35.o(.text) refers to d2f.o(x$fpl$d2f) for __aeabi_d2f
    lm35.o(.text) refers to lcd.o(.text) for WRITE_LCD_CMD
    lm35.o(.text) refers to fflt_noclz.o(x$fpl$ffltu) for __aeabi_ui2f
    lm35.o(.text) refers to fleqf.o(x$fpl$fleqf) for __aeabi_cfcmple
    lm35.o(.text) refers to led_buzzer.o(.text) for LED_ON
    lm35.o(.text) refers to eint0.o(.data) for temp_threshold
    lm35.o(.text) refers to lm35.o(.data) for buzzer_muted
    adc_lpc2148.o(.text) refers to timer0_delay.o(.text) for tdelay_us
    adc_lpc2148.o(.text) refers to dflt_noclz.o(x$fpl$dfltu) for __aeabi_ui2d
    adc_lpc2148.o(.text) refers to dmul.o(x$fpl$dmul) for __aeabi_dmul
    adc_lpc2148.o(.text) refers to d2f.o(x$fpl$d2f) for __aeabi_d2f
    kpm.o(.text) refers to lcd.o(.text) for WRITE_LCD_CMD
    kpm.o(.text) refers to kpm.o(.data) for kpmLUT
    event_log.o(.text) refers to rtc.o(.text) for GET_RTC_Time_Info
    event_log.o(.text) refers to aeabi_sdiv.o(.text_udiv) for __aeabi_uidivmod
    event_log.o(.text) refers to lcd.o(.text) for WRITE_LCD_DATA
    event_log.o(.text) refers to ffixu.o(x$fpl$ffixu) for __aeabi_f2uiz
    event_log.o(.text) refers to timer0_delay.o(.text) for Init_timer0
    event_log.o(.text) refers to frleqf.o(x$fpl$frleqf) for __aeabi_cfrcmple
    event_log.o(.text) refers to faddsub_noclz.o(x$fpl$fsub) for __aeabi_fsub
    event_log.o(.text) refers to fflt_noclz.o(x$fpl$ffltu) for __aeabi_ui2f
    event_log.o(.text) refers to event_log.o(.data) for ev_sensor
    main1.o(.text) refers to eint0.o(.text) for eint1_enable
    main1.o(.text) refers to timer0_delay.o(.text) for Init_timer0
    main1.o(.text) refers to kpm.o(.text) for InitKPM
    main1.o(.text) refers to rtc.o(.text) for RTC_Init
    main1.o(.text) refers to lcd.o(.text) for Init_LCD
    main1.o(.text) refers to adc_lpc2148.o(.text) for Init_ADC
    main1.o(.text) refers to event_log.o(.text) for EventLog_Init
    main1.o(.text) refers to lm35.o(.text) for LM35tc
    main1.o(.text) refers to fflt_noclz.o(x$fpl$ffltu) for __aeabi_ui2f
    main1.o(.text) refers to security.o(.text) for CheckPassword
    main1.o(.text) refers to main1.o(.data) for tempc
    main1.o(.text) refers to eint0.o(.data) for temp_threshold
    security.o(.text) refers to lcd.o(.text) for WRITE_LCD_CMD
    security.o(.text) refers to timer0_delay.o(.text) for tdelay_ms
    security.o(.text) refers to kpm.o(.text) for ReadNum
    security.o(.text) refers to security.o(.data) for System_Password
    eint0.o(.text) refers to lcd.o(.text) for WRITE_LCD_CMD
    eint0.o(.text) refers to kpm.o(.text) for ReadNum1
    eint0.o(.text) refers to timer0_delay.o(.text) for tdelay_ms
    eint0.o(.text) refers to rtc.o(.text) for GET_RTC_Time_Info
    eint0.o(.text) refers to eint0.o(.data) for edit_mode
    eint0.o(.text) refers to security.o(.text) for change_password
    aeabi_sdiv.o(.text_udiv) refers to aeabi_sdiv.o(.text) for __arm_div2
    aeabi_sdiv_div0.o(.text_udiv) refers to aeabi_sdiv_div0.o(.text) for __arm_div2
    __main.o(!!!main) refers to rtentry.o(.ARM.Collect$$rtentry$$00000000) for __rt_entry
    d2f.o(x$fpl$d2f) refers (Special) to usenofp.o(x$fpl$usenofp) for __I$use$fp
    d2f.o(x$fpl$d2f) refers to fretinf.o(x$fpl$fretinf) for __fpl_fretinf
    d2f.o(x$fpl$d2f) refers to dnaninf.o(x$fpl$dnaninf) for __fpl_dnaninf
    daddsub_noclz.o(x$fpl$dadd) refers (Special) to usenofp.o(x$fpl$usenofp) for __I$use$fp
    daddsub_noclz.o(x$fpl$dadd) refers to daddsub_noclz.o(x$fpl$dsub) for _dsub1
    daddsub_noclz.o(x$fpl$dadd) refers to dretinf.o(x$fpl$dretinf) for __fpl_dretinf
    daddsub_noclz.o(x$fpl$dadd) refers to dnaninf.o(x$fpl$dnaninf) for __fpl_dnaninf
    daddsub_noclz.o(x$fpl$drsb) refers (Special) to usenofp.o(x$fpl$usenofp) for __I$use$fp
    daddsub_noclz.o(x$fpl$drsb) refers to daddsub_noclz.o(x$fpl$dadd) for _dadd1
    daddsub_noclz.o(x$fpl$drsb) refers to daddsub_noclz.o(x$fpl$dsub) for _dsub1
    daddsub_noclz.o(x$fpl$dsub) refers (Special) to usenofp.o(x$fpl$usenofp) for __I$use$fp
    daddsub_noclz.o(x$fpl$dsub) refers to daddsub_noclz.o(x$fpl$dadd) for _dadd1
    daddsub_noclz.o(x$fpl$dsub) refers to dnaninf.o(x$fpl$dnaninf) for __fpl_dnaninf
    dflt_noclz.o(x$fpl$dfltu) refers (Special) to usenofp.o(x$fpl$usenofp) for __I$use$fp
    dflt_noclz.o(x$fpl$dfltu) refers to dflt_noclz.o(x$fpl$dflt) for __dflt_normalise
    dflt_noclz.o(x$fpl$dflt) refers (Special) to usenofp.o(x$fpl$usenofp) for __I$use$fp
    dmul.o(x$fpl$dmul) refers (Special) to usenofp.o(x$fpl$usenofp) for __I$use$fp
    dmul.o(x$fpl$dmul) refers to dretinf.o(x$fpl$dretinf) for __fpl_dretinf
    dmul.o(x$fpl$dmul) refers to dnaninf.o(x$fpl$dnaninf) for __fpl_dnaninf
    f2d.o(x$fpl$f2d) refers (Special) to usenofp.o(x$fpl$usenofp) for __I$use$fp
    f2d.o(x$fpl$f2d) refers to fnaninf.o(x$fpl$fnaninf) for __fpl_fnaninf
    f2d.o(x$fpl$f2d) refers to dretinf.o(x$fpl$dretinf) for __fpl_dretinf
    faddsub_noclz.o(x$fpl$fadd) refers (Special) to usenofp.o(x$fpl$usenofp) for __I$use$fp
    faddsub_noclz.o(x$fpl$fadd) refers to faddsub_noclz.o(x$fpl$fsub) for _fsub1
    faddsub_noclz.o(x$fpl$fadd) refers to fretinf.o(x$fpl$fretinf) for __fpl_fretinf
    faddsub_noclz.o(x$fpl$fadd) refers to fnaninf.o(x$fpl$fnaninf) for __fpl_fnaninf
    faddsub_noclz.o(x$fpl$frsb) refers (Special) to usenofp.o(x$fpl$usenofp) for __I$use$fp
    faddsub_noclz.o(x$fpl$frsb) refers to faddsub_noclz.o(x$fpl$fadd) for _fadd1
    faddsub_noclz.o(x$fpl$frsb) refers to faddsub_noclz.o(x$fpl$fsub) for _fsub1
    faddsub_noclz.o(x$fpl$fsub) refers (Special) to usenofp.o(x$fpl$usenofp) for __I$use$fp
    faddsub_noclz.o(x$fpl$fsub) refers to faddsub_noclz.o(x$fpl$fadd) for _fadd1
    faddsub_noclz.o(x$fpl$fsub) refers to fnaninf.o(x$fpl$fnaninf) for __fpl_fnaninf
    ffixu.o(x$fpl$ffixu) refers (Special) to usenofp.o(x$fpl$usenofp) for __I$use$fp
    ffixu.o(x$fpl$ffixu) refers to fnaninf.o(x$fpl$fnaninf) for __fpl_fnaninf
    ffixu.o(x$fpl$ffixur) refers (Special) to usenofp.o(x$fpl$usenofp) for __I$use$fp
    ffixu.o(x$fpl$ffixur) refers to fnaninf.o(x$fpl$fnaninf) for __fpl_fnaninf
    fflt_noclz.o(x$fpl$ffltu) refers (Special) to usenofp.o(x$fpl$usenofp) for __I$use$fp
    fflt_noclz.o(x$fpl$ffltu) refers to fflt_noclz.o(x$fpl$fflt) for __fflt_normalise
    fflt_noclz.o(x$fpl$fflt) refers (Special) to usenofp.o(x$fpl$usenofp) for __I$use$fp
    fleqf.o(x$fpl$fleqf) refers (Special) to usenofp.o(x$fpl$usenofp) for __I$use$fp
    fleqf.o(x$fpl$fleqf) refers to fnaninf.o(x$fpl$fnaninf) for __fpl_fnaninf
    fleqf.o(x$fpl$fleqf) refers to fcmpi.o(x$fpl$fcmpinf) for __fpl_fcmp_Inf
    fmul.o(x$fpl$fmul) refers (Special) to usenofp.o(x$fpl$usenofp) for __I$use$fp
    fmul.o(x$fpl$fmul) refers to fretinf.o(x$fpl$fretinf) for __fpl_fretinf
    fmul.o(x$fpl$fmul) refers to fnaninf.o(x$fpl$fnaninf) for __fpl_fnaninf
    frleqf.o(x$fpl$frleqf) refers (Special) to usenofp.o(x$fpl$usenofp) for __I$use$fp
    frleqf.o(x$fpl$frleqf) refers to fleqf.o(x$fpl$fleqf) for __fpl_fcmple_InfNaN
    rtentry.o(.ARM.Collect$$rtentry$$00000000) refers (Special) to rtentry2.o(.ARM.Collect$$rtentry$$0000000A) for __rt_entry_li
    rtentry.o(.ARM.Collect$$rtentry$$00000000) refers (Special) to rtentry2.o(.ARM.Collect$$rtentry$$0000000D) for __rt_entry_main
    rtentry.o(.ARM.Collect$$rtentry$$00000000) refers (Special) to rtentry2.o(.ARM.Collect$$rtentry$$0000000C) for __rt_entry_postli_1
    rtentry.o(.ARM.Collect$$rtentry$$00000000) refers (Special) to rtentry2.o(.ARM.Collect$$rtentry$$00000009) for __rt_entry_postsh_1
    rtentry.o(.ARM.Collect$$rtentry$$00000000) refers (Special) to rtentry2.o(.ARM.Collect$$rtentry$$00000002) for __rt_entry_presh_1
    rtentry.o(.ARM.Collect$$rtentry$$00000000) refers (Special) to rtentry4.o(.ARM.Collect$$rtentry$$00000004) for __rt_entry_sh
    aeabi_idiv0_sigfpe.o(.text) refers to rt_div0.o(.text) for __rt_div0
    dnaninf.o(x$fpl$dnaninf) refers (Special) to usenofp.o(x$fpl$usenofp) for __I$use$fp
    dretinf.o(x$fpl$dretinf) refers (Special) to usenofp.o(x$fpl$usenofp) for __I$use$fp
    fcmpi.o(x$fpl$fcmpinf) refers (Special) to usenofp.o(x$fpl$usenofp) for __I$use$fp
    fnaninf.o(x$fpl$fnaninf) refers (Special) to usenofp.o(x$fpl$usenofp) for __I$use$fp
    fretinf.o(x$fpl$fretinf) refers (Special) to usenofp.o(x$fpl$usenofp) for __I$use$fp
    rtentry2.o(.ARM.Collect$$rtentry$$00000008) refers to boardinit2.o(.text) for _platform_post_stackheap_init
    rtentry2.o(.ARM.Collect$$rtentry$$0000000A) refers to libinit.o(.ARM.Collect$$libinit$$00000000) for __rt_lib_init
    rtentry2.o(.ARM.Collect$$rtentry$$0000000B) refers to boardinit3.o(.text) for _platform_post_lib_init
    rtentry2.o(.ARM.Collect$$rtentry$$0000000D) refers to exit.o(.text) for exit
    rtentry2.o(.ARM.Collect$$rtentry$$0000000D) refers to main1.o(.text) for main
    rtentry2.o(.ARM.exidx) refers to rtentry2.o(.ARM.Collect$$rtentry$$00000001) for .ARM.Collect$$rtentry$$00000001
    rtentry2.o(.ARM.exidx) refers to rtentry2.o(.ARM.Collect$$rtentry$$00000008) for .ARM.Collect$$rtentry$$00000008
    rtentry2.o(.ARM.exidx) refers to rtentry2.o(.ARM.Collect$$rtentry$$0000000A) for .ARM.Collect$$rtentry$$0000000A
    rtentry2.o(.ARM.exidx) refers to rtentry2.o(.ARM.Collect$$rtentry$$0000000B) for .ARM.Collect$$rtentry$$0000000B
    rtentry2.o(.ARM.exidx) refers to rtentry2.o(.ARM.Collect$$rtentry$$0000000D) for .ARM.Collect$$rtentry$$0000000D
    rtentry4.o(.ARM.Collect$$rtentry$$00000004) refers to sys_stackheap_outer.o(.text) for __user_setup_stackheap
    rtentry4.o(.ARM.exidx) refers to rtentry4.o(.ARM.Collect$$rtentry$$00000004) for .ARM.Collect$$rtentry$$00000004
    rt_div0.o(.text) refers to defsig_fpe_outer.o(.text) for __rt_SIGFPE
    sys_stackheap_outer.o(.text) refers to libspace.o(.text) for __user_perproc_libspace
    sys_stackheap_outer.o(.text) refers to startup.o(.text) for __user_initial_stackheap
    exit.o(.text) refers to rtexit.o(.ARM.Collect$$rtexit$$00000000) for __rt_exit
    defsig_fpe_outer.o(.text) refers to defsig_fpe_inner.o(.text) for __rt_SIGFPE_inner
    defsig_fpe_outer.o(.text) refers to defsig_exit.o(.text) for __sig_exit
    defsig_fpe_formal.o(.text) refers to rt_raise.o(.text) for __rt_raise
    libinit.o(.ARM.Collect$$libinit$$00000000) refers (Special) to libinit2.o(.ARM.Collect$$libinit$$0000002C) for __rt_lib_init_alloca_1
    libinit.o(.ARM.Collect$$libinit$$00000000) refers (Special) to libinit2.o(.ARM.Collect$$libinit$$0000002A) for __rt_lib_init_argv_1
    libinit.o(.ARM.Collect$$libinit$$00000000) refers (Special) to libinit2.o(.ARM.Collect$$libinit$$00000019) for __rt_lib_init_atexit_1
    libinit.o(.ARM.Collect$$libinit$$00000000) refers (Special) to libinit2.o(.ARM.Collect$$libinit$$0000001F) for __rt_lib_init_clock_1
    libinit.o(.ARM.Collect$$libinit$$00000000) refers (Special) to libinit2.o(.ARM.Collect$$libinit$$00000030) for __rt_lib_init_cpp_1
    libinit.o(.ARM.Collect$$libinit$$00000000) refers (Special) to libinit2.o(.ARM.Collect$$libinit$$0000002E) for __rt_lib_init_exceptions_1
    libinit.o(.ARM.Collect$$libinit$$00000000) refers (Special) to libinit2.o(.ARM.Collect$$libinit$$00000002) for __rt_lib_init_fp_1
    libinit.o(.ARM.Collect$$libinit$$00000000) refers (Special) to libinit2.o(.ARM.Collect$$libinit$$0000001D) for __rt_lib_init_fp_trap_1
    libinit.o(.ARM.Collect$$libinit$$00000000) refers (Special) to libinit2.o(.ARM.Collect$$libinit$$00000021) for __rt_lib_init_getenv_1
    libinit.o(.ARM.Collect$$libinit$$00000000) refers (Special) to libinit2.o(.ARM.Collect$$libinit$$00000008) for __rt_lib_init_heap_1
    libinit.o(.ARM.Collect$$libinit$$00000000) refers (Special) to libinit2.o(.ARM.Collect$$libinit$$0000000F) for __rt_lib_init_lc_collate_1
    libinit.o(.ARM.Collect$$libinit$$00000000) refers (Special) to libinit2.o(.ARM.Collect$$libinit$$00000011) for __rt_lib_init_lc_ctype_1
    libinit.o(.ARM.Collect$$libinit$$00000000) refers (Special) to libinit2.o(.ARM.Collect$$libinit$$00000013) for __rt_lib_init_lc_monetary_1
    libinit.o(.ARM.Collect$$libinit$$00000000) refers (Special) to libinit2.o(.ARM.Collect$$libinit$$00000015) for __rt_lib_init_lc_numeric_1
    libinit.o(.ARM.Collect$$libinit$$00000000) refers (Special) to libinit2.o(.ARM.Collect$$libinit$$00000017) for __rt_lib_init_lc_time_1
    libinit.o(.ARM.Collect$$libinit$$00000000) refers (Special) to libinit2.o(.ARM.Collect$$libinit$$0000000C) for __rt_lib_init_rand_1
    libinit.o(.ARM.Collect$$libinit$$00000000) refers (Special) to libinit2.o(.ARM.Collect$$libinit$$00000031) for __rt_lib_init_return
    libinit.o(.ARM.Collect$$libinit$$00000000) refers (Special) to libinit2.o(.ARM.Collect$$libinit$$0000001B) for __rt_lib_init_signal_1
    libinit.o(.ARM.Collect$$libinit$$00000000) refers (Special) to libinit2.o(.ARM.Collect$$libinit$$00000023) for __rt_lib_init_stdio_1
    libinit.o(.ARM.Collect$$libinit$$00000000) refers (Special) to libinit2.o(.ARM.Collect$$libinit$$0000000A) for __rt_lib_init_user_alloc_1
    libspace.o(.text) refers to libspace.o(.bss) for __libspace_start
    rtexit.o(.ARM.Collect$$rtexit$$00000000) refers (Special) to rtexit2.o(.ARM.Collect$$rtexit$$00000004) for __rt_exit_exit
    rtexit.o(.ARM.Collect$$rtexit$$00000000) refers (Special) to rtexit2.o(.ARM.Collect$$rtexit$$00000003) for __rt_exit_ls
    rtexit.o(.ARM.Collect$$rtexit$$00000000) refers (Special) to rtexit2.o(.ARM.Collect$$rtexit$$00000002) for __rt_exit_prels_1
    rtexit.o(.ARM.exidx) refers (Special) to rtexit2.o(.ARM.Collect$$rtexit$$00000004) for __rt_exit_exit
    rtexit.o(.ARM.exidx) refers (Special) to rtexit2.o(.ARM.Collect$$rtexit$$00000003) for __rt_exit_ls
    rtexit.o(.ARM.exidx) refers (Special) to rtexit2.o(.ARM.Collect$$rtexit$$00000002) for __rt_exit_prels_1
    rtexit.o(.ARM.exidx) refers to rtexit.o(.ARM.Collect$$rtexit$$00000000) for .ARM.Collect$$rtexit$$00000000
    rt_raise.o(.text) refers to __raise.o(.text) for __raise
    rt_raise.o(.text) refers to sys_exit.o(.text) for _sys_exit
    defsig_exit.o(.text) refers to sys_exit.o(.text) for _sys_exit
    defsig_fpe_inner.o(.text) refers to defsig_general.o(.text) for __default_signal_display
    libinit2.o(.ARM.Collect$$libinit$$00000001) refers to fpinit.o(x$fpl$fpinit) for _fp_init
    libinit2.o(.ARM.Collect$$libinit$$0000000E) refers to libinit2.o(.ARM.Collect$$libinit$$0000000D) for .ARM.Collect$$libinit$$0000000D
    libinit2.o(.ARM.Collect$$libinit$$00000010) refers to libinit2.o(.ARM.Collect$$libinit$$0000000D) for .ARM.Collect$$libinit$$0000000D
    libinit2.o(.ARM.Collect$$libinit$$00000012) refers to libinit2.o(.ARM.Collect$$libinit$$0000000D) for .ARM.Collect$$libinit$$0000000D
    libinit2.o(.ARM.Collect$$libinit$$00000014) refers to libinit2.o(.ARM.Collect$$libinit$$0000000D) for .ARM.Collect$$libinit$$0000000D
    libinit2.o(.ARM.Collect$$libinit$$00000016) refers to libinit2.o(.ARM.Collect$$libinit$$0000000D) for .ARM.Collect$$libinit$$0000000D
    libinit2.o(.ARM.Collect$$libinit$$00000024) refers to argv_veneer.o(.emb_text) for __ARM_argv_veneer
    libinit2.o(.ARM.Collect$$libinit$$00000025) refers to argv_veneer.o(.emb_text) for __ARM_argv_veneer
    sys_exit.o(.text) refers (Special) to use_no_semi.o(.text) for __I$use$semihosting
    sys_exit.o(.text) refers (Special) to indicate_semi.o(.text) for __semihosting_library_function
    rtexit2.o(.ARM.Collect$$rtexit$$00000003) refers to libshutdown.o(.ARM.Collect$$libshutdown$$00000000) for __rt_lib_shutdown
    rtexit2.o(.ARM.Collect$$rtexit$$00000004) refers to sys_exit.o(.text) for _sys_exit
    rtexit2.o(.ARM.exidx) refers to rtexit2.o(.ARM.Collect$$rtexit$$00000001) for .ARM.Collect$$rtexit$$00000001
    rtexit2.o(.ARM.exidx) refers to rtexit2.o(.ARM.Collect$$rtexit$$00000003) for .ARM.Collect$$rtexit$$00000003
    rtexit2.o(.ARM.exidx) refers to rtexit2.o(.ARM.Collect$$rtexit$$00000004) for .ARM.Collect$$rtexit$$00000004
    __raise.o(.text) refers to __raise.o(i.__ARM_common_call_via_r2) for __ARM_common_call_via_r2
    __raise.o(.text) refers to defsig.o(CL$$defsig) for __default_signal_handler
    defsig_general.o(.text) refers to sys_wrch.o(.text) for _ttywrch
    argv_veneer.o(.emb_text) refers to no_argv.o(.text) for __ARM_get_argv
    sys_wrch.o(.text) refers (Special) to use_no_semi.o(.text) for __I$use$semihosting
    sys_wrch.o(.text) refers (Special) to indicate_semi.o(.text) for __semihosting_library_function
    defsig.o(CL$$defsig) refers to defsig_fpe_inner.o(.text) for __rt_SIGFPE_inner
    defsig.o(CL$$defsig) refers to defsig_rtmem_inner.o(.text) for __rt_SIGRTMEM_inner
    _get_argv_nomalloc.o(.text) refers (Special) to hrguard.o(.text) for __heap_region$guard
    _get_argv_nomalloc.o(.text) refers to defsig_rtmem_outer.o(.text) for __rt_SIGRTMEM
    _get_argv_nomalloc.o(.text) refers to sys_command.o(.text) for _sys_command_string
    libshutdown.o(.ARM.Collect$$libshutdown$$00000000) refers (Special) to libshutdown2.o(.ARM.Collect$$libshutdown$$00000006) for __rt_lib_shutdown_fp_trap_1
    libshutdown.o(.ARM.Collect$$libshutdown$$00000000) refers (Special) to libshutdown2.o(.ARM.Collect$$libshutdown$$0000000E) for __rt_lib_shutdown_heap_1
    libshutdown.o(.ARM.Collect$$libshutdown$$00000000) refers (Special) to libshutdown2.o(.ARM.Collect$$libshutdown$$0000000F) for __rt_lib_shutdown_return
    libshutdown.o(.ARM.Collect$$libshutdown$$00000000) refers (Special) to libshutdown2.o(.ARM.Collect$$libshutdown$$00000009) for __rt_lib_shutdown_signal_1
    libshutdown.o(.ARM.Collect$$libshutdown$$00000000) refers (Special) to libshutdown2.o(.ARM.Collect$$libshutdown$$00000003) for __rt_lib_shutdown_stdio_1
    libshutdown.o(.ARM.Collect$$libshutdown$$00000000) refers (Special) to libshutdown2.o(.ARM.Collect$$libshutdown$$0000000B) for __rt_lib_shutdown_user_alloc_1
    sys_command.o(.text) refers (Special) to use_no_semi.o(.text) for __I$use$semihosting
    sys_command.o(.text) refers (Special) to indicate_semi.o(.text) for __semihosting_library_function
    defsig_abrt_inner.o(.text) refers to defsig_general.o(.text) for __default_signal_display
    defsig_rtred_inner.o(.text) refers to defsig_general.o(.text) for __default_signal_display
    defsig_rtmem_inner.o(.text) refers to defsig_general.o(.text) for __default_signal_display
    defsig_rtmem_outer.o(.text) refers to defsig_rtmem_inner.o(.text) for __rt_SIGRTMEM_inner
    defsig_rtmem_outer.o(.text) refers to defsig_exit.o(.text) for __sig_exit
    defsig_rtmem_formal.o(.text) refers to rt_raise.o(.text) for __rt_raise
    defsig_stak_inner.o(.text) refers to defsig_general.o(.text) for __default_signal_display
    defsig_pvfn_inner.o(.text) refers to defsig_general.o(.text) for __default_signal_display
    defsig_cppl_inner.o(.text) refers to defsig_general.o(.text) for __default_signal_display
    defsig_segv_inner.o(.text) refers to defsig_general.o(.text) for __default_signal_display
    defsig_other.o(.text) refers to defsig_general.o(.text) for __default_signal_display


==============================================================================

Adding Veneers to the image

    Adding AT veneer (8 bytes, Inline) for call to '__rt_lib_init' from rtentry2.o(.ARM.Collect$$rtentry$$0000000A).
    Adding AT veneer (8 bytes, Inline) for call to '__rt_lib_shutdown' from rtexit2.o(.ARM.Collect$$rtexit$$00000003).
    Adding TA veneer (4 bytes, Inline) for call to '__rt_exit' from exit.o(.text).
    Adding AT veneer (8 bytes, Inline) for call to '_sys_exit' from rtexit2.o(.ARM.Collect$$rtexit$$00000004).

4 Veneer(s) (total 28 bytes) added to the image.

==============================================================================

Image Symbol Table

    Local Symbols

    Symbol Name                              Value     Ov Type        Size  Object(Section)

    RESET                                    0x00000000   Section      272  startup.o(RESET)
    ../clib/angel/boardlib.s                 0x00000000   Number         0  boardinit1.o ABSOLUTE
    ../clib/angel/boardlib.s                 0x00000000   Number         0  boardinit3.o ABSOLUTE
    ../clib/angel/boardlib.s                 0x00000000   Number         0  boardinit2.o ABSOLUTE
    ../clib/angel/boardlib.s                 0x00000000   Number         0  boardshut.o ABSOLUTE
    ../clib/angel/handlers.s                 0x00000000   Number         0  __scatter_copy.o ABSOLUTE
    ../clib/angel/handlers.s                 0x00000000   Number         0  __scatter_zi.o ABSOLUTE
    ../clib/angel/kernel.s                   0x00000000   Number         0  rtentry4.o ABSOLUTE
    ../clib/angel/kernel.s                   0x00000000   Number         0  rtexit.o ABSOLUTE
    ../clib/angel/kernel.s                   0x00000000   Number         0  rtentry2.o ABSOLUTE
    ../clib/angel/kernel.s                   0x00000000   Number         0  rtentry.o ABSOLUTE
    ../clib/angel/kernel.s                   0x00000000   Number         0  rtexit2.o ABSOLUTE
    ../clib/angel/rt.s                       0x00000000   Number         0  aeabi_idiv0.o ABSOLUTE
    ../clib/angel/rt.s                       0x00000000   Number         0  aeabi_idiv0_sigfpe.o ABSOLUTE
    ../clib/angel/rt.s                       0x00000000   Number         0  rt_raise.o ABSOLUTE
    ../clib/angel/rt.s                       0x00000000   Number         0  rt_div0.o ABSOLUTE
    ../clib/angel/scatter.s                  0x00000000   Number         0  __scatter.o ABSOLUTE
    ../clib/angel/startup.s                  0x00000000   Number         0  __main.o ABSOLUTE
    ../clib/angel/sys.s                      0x00000000   Number         0  sys_stackheap_outer.o ABSOLUTE
    ../clib/angel/sys.s                      0x00000000   Number         0  use_no_semi.o ABSOLUTE
    ../clib/angel/sys.s                      0x00000000   Number         0  indicate_semi.o ABSOLUTE
    ../clib/angel/sys.s                      0x00000000   Number         0  libspace.o ABSOLUTE
    ../clib/angel/sysapp.c                   0x00000000   Number         0  sys_exit.o ABSOLUTE
    ../clib/angel/sysapp.c                   0x00000000   Number         0  sys_wrch.o ABSOLUTE
    ../clib/angel/sysapp.c                   0x00000000   Number         0  sys_command.o ABSOLUTE
    ../clib/armsys.c                         0x00000000   Number         0  no_argv.o ABSOLUTE
    ../clib/armsys.c                         0x00000000   Number         0  argv_veneer.o ABSOLUTE
    ../clib/armsys.c                         0x00000000   Number         0  _get_argv_nomalloc.o ABSOLUTE
    ../clib/armsys.c                         0x00000000   Number         0  argv_veneer.o ABSOLUTE
    ../clib/division.s                       0x00000000   Number         0  aeabi_sdiv_div0.o ABSOLUTE
    ../clib/division.s                       0x00000000   Number         0  aeabi_sdiv.o ABSOLUTE
    ../clib/divrt.s                          0x00000000   Number         0  divrt_7tdmi.o ABSOLUTE
    ../clib/divrt.s                          0x00000000   Number         0  divrt_7tdmi_div0.o ABSOLUTE
    ../clib/heapalloc.c                      0x00000000   Number         0  hrguard.o ABSOLUTE
    ../clib/heapaux.c                        0x00000000   Number         0  heapauxi.o ABSOLUTE
    ../clib/libinit.s                        0x00000000   Number         0  libinit2.o ABSOLUTE
    ../clib/libinit.s                        0x00000000   Number         0  libshutdown.o ABSOLUTE
    ../clib/libinit.s                        0x00000000   Number         0  libshutdown2.o ABSOLUTE
    ../clib/libinit.s                        0x00000000   Number         0  libinit.o ABSOLUTE
    ../clib/signal.c                         0x00000000   Number         0  defsig_segv_inner.o ABSOLUTE
    ../clib/signal.c                         0x00000000   Number         0  defsig_cppl_inner.o ABSOLUTE
    ../clib/signal.c                         0x00000000   Number         0  defsig_general.o ABSOLUTE
    ../clib/signal.c                         0x00000000   Number         0  defsig_stak_inner.o ABSOLUTE
    ../clib/signal.c                         0x00000000   Number         0  defsig_rtmem_formal.o ABSOLUTE
    ../clib/signal.c                         0x00000000   Number         0  defsig_rtmem_outer.o ABSOLUTE
    ../clib/signal.c                         0x00000000   Number         0  defsig_rtmem_inner.o ABSOLUTE
    ../clib/signal.c                         0x00000000   Number         0  defsig_rtred_inner.o ABSOLUTE
    ../clib/signal.c                         0x00000000   Number         0  defsig_abrt_inner.o ABSOLUTE
    ../clib/signal.c                         0x00000000   Number         0  __raise.o ABSOLUTE
    ../clib/signal.c                         0x00000000   Number         0  defsig_fpe_inner.o ABSOLUTE
    ../clib/signal.c                         0x00000000   Number         0  defsig_exit.o ABSOLUTE
    ../clib/signal.c                         0x00000000   Number         0  defsig_fpe_formal.o ABSOLUTE
    ../clib/signal.c                         0x00000000   Number         0  defsig_fpe_outer.o ABSOLUTE
    ../clib/signal.c                         0x00000000   Number         0  defsig_pvfn_inner.o ABSOLUTE
    ../clib/signal.c                         0x00000000   Number         0  defsig_other.o ABSOLUTE
    ../clib/signal.s                         0x00000000   Number         0  defsig.o ABSOLUTE
    ../clib/stdlib.c                         0x00000000   Number         0  exit.o ABSOLUTE
    ../fplib/d2f.s                           0x00000000   Number         0  d2f.o ABSOLUTE
    ../fplib/daddsub.s                       0x00000000   Number         0  daddsub_noclz.o ABSOLUTE
    ../fplib/dflt.s                          0x00000000   Number         0  dflt_noclz.o ABSOLUTE
    ../fplib/dmul.s                          0x00000000   Number         0  dmul.o ABSOLUTE
    ../fplib/dnaninf.s                       0x00000000   Number         0  dnaninf.o ABSOLUTE
    ../fplib/dretinf.s                       0x00000000   Number         0  dretinf.o ABSOLUTE
    ../fplib/f2d.s                           0x00000000   Number         0  f2d.o ABSOLUTE
    ../fplib/faddsub.s                       0x00000000   Number         0  faddsub_noclz.o ABSOLUTE
    ../fplib/fcmpi.s                         0x00000000   Number         0  fcmpi.o ABSOLUTE
    ../fplib/ffixu.s                         0x00000000   Number         0  ffixu.o ABSOLUTE
    ../fplib/fflt.s                          0x00000000   Number         0  fflt_noclz.o ABSOLUTE
    ../fplib/fleqf.s                         0x00000000   Number         0  fleqf.o ABSOLUTE
    ../fplib/fmul.s                          0x00000000   Number         0  fmul.o ABSOLUTE
    ../fplib/fnaninf.s                       0x00000000   Number         0  fnaninf.o ABSOLUTE
    ../fplib/fpinit.s                        0x00000000   Number         0  fpinit.o ABSOLUTE
    ../fplib/fretinf.s                       0x00000000   Number         0  fretinf.o ABSOLUTE
    ../fplib/frleqf.s                        0x00000000   Number         0  frleqf.o ABSOLUTE
    ../fplib/usenofp.s                       0x00000000   Number         0  usenofp.o ABSOLUTE
    ADC_LPC2148.c                            0x00000000   Number         0  adc_lpc2148.o ABSOLUTE
    Event_log.c                              0x00000000   Number         0  event_log.o ABSOLUTE
    KPM.c                                    0x00000000   Number         0  kpm.o ABSOLUTE
    LCD.c                                    0x00000000   Number         0  lcd.o ABSOLUTE
    LED_Buzzer.c                             0x00000000   Number         0  led_buzzer.o ABSOLUTE
    LM35.c                                   0x00000000   Number         0  lm35.o ABSOLUTE
    RTC.c                                    0x00000000   Number         0  rtc.o ABSOLUTE
    Startup.s                                0x00000000   Number         0  startup.o ABSOLUTE
    dc.s                                     0x00000000   Number         0  dc.o ABSOLUTE
    eint0.c                                  0x00000000   Number         0  eint0.o ABSOLUTE
    main1.c                                  0x00000000   Number         0  main1.o ABSOLUTE
    security.c                               0x00000000   Number         0  security.o ABSOLUTE
    timer0_delay.c                           0x00000000   Number         0  timer0_delay.o ABSOLUTE
    Undef_Handler                            0x00000040   ARM Code       4  startup.o(RESET)
    SWI_Handler                              0x00000044   ARM Code       4  startup.o(RESET)
    PAbt_Handler                             0x00000048   ARM Code       4  startup.o(RESET)
    DAbt_Handler                             0x0000004c   ARM Code       4  startup.o(RESET)
    IRQ_Handler                              0x00000050   ARM Code       4  startup.o(RESET)
    FIQ_Handler                              0x00000054   ARM Code       4  startup.o(RESET)
    !!!main                                  0x00000110   Section        8  __main.o(!!!main)
    !!!scatter                               0x00000118   Section       60  __scatter.o(!!!scatter)
    !!handler_copy                           0x00000154   Section       40  __scatter_copy.o(!!handler_copy)
    !!handler_zi                             0x0000017c   Section       44  __scatter_zi.o(!!handler_zi)
    .ARM.Collect$$libinit$$00000000          0x000001b0   Section        2  libinit.o(.ARM.Collect$$libinit$$00000000)
    .ARM.Collect$$libinit$$00000002          0x000001b2   Section        0  libinit2.o(.ARM.Collect$$libinit$$00000002)
    .ARM.Collect$$libinit$$00000008          0x000001b2   Section        0  libinit2.o(.ARM.Collect$$libinit$$00000008)
    .ARM.Collect$$libinit$$0000000A          0x000001b2   Section        0  libinit2.o(.ARM.Collect$$libinit$$0000000A)
    .ARM.Collect$$libinit$$0000000C          0x000001b2   Section        0  libinit2.o(.ARM.Collect$$libinit$$0000000C)
    .ARM.Collect$$libinit$$0000000F          0x000001b2   Section        0  libinit2.o(.ARM.Collect$$libinit$$0000000F)
    .ARM.Collect$$libinit$$00000011          0x000001b2   Section        0  libinit2.o(.ARM.Collect$$libinit$$00000011)
    .ARM.Collect$$libinit$$00000013          0x000001b2   Section        0  libinit2.o(.ARM.Collect$$libinit$$00000013)
    .ARM.Collect$$libinit$$00000015          0x000001b2   Section        0  libinit2.o(.ARM.Collect$$libinit$$00000015)
    .ARM.Collect$$libinit$$00000017          0x000001b2   Section        0  libinit2.o(.ARM.Collect$$libinit$$00000017)
    .ARM.Collect$$libinit$$00000019          0x000001b2   Section        0  libinit2.o(.ARM.Collect$$libinit$$00000019)
    .ARM.Collect$$libinit$$0000001B          0x000001b2   Section        0  libinit2.o(.ARM.Collect$$libinit$$0000001B)
    .ARM.Collect$$libinit$$0000001D          0x000001b2   Section        0  libinit2.o(.ARM.Collect$$libinit$$0000001D)
    .ARM.Collect$$libinit$$0000001F          0x000001b2   Section        0  libinit2.o(.ARM.Collect$$libinit$$0000001F)
    .ARM.Collect$$libinit$$00000021          0x000001b2   Section        0  libinit2.o(.ARM.Collect$$libinit$$00000021)
    .ARM.Collect$$libinit$$00000023          0x000001b2   Section        0  libinit2.o(.ARM.Collect$$libinit$$00000023)
    .ARM.Collect$$libinit$$0000002A          0x000001b2   Section        0  libinit2.o(.ARM.Collect$$libinit$$0000002A)
    .ARM.Collect$$libinit$$0000002C          0x000001b2   Section        0  libinit2.o(.ARM.Collect$$libinit$$0000002C)
    .ARM.Collect$$libinit$$0000002E          0x000001b2   Section        0  libinit2.o(.ARM.Collect$$libinit$$0000002E)
    .ARM.Collect$$libinit$$00000030          0x000001b2   Section        0  libinit2.o(.ARM.Collect$$libinit$$00000030)
    .ARM.Collect$$libinit$$00000031          0x000001b2   Section       12  libinit2.o(.ARM.Collect$$libinit$$00000031)
    .ARM.Collect$$libshutdown$$00000000      0x000001c8   Section        4  libshutdown.o(.ARM.Collect$$libshutdown$$00000000)
    .ARM.Collect$$libshutdown$$00000003      0x000001cc   Section        0  libshutdown2.o(.ARM.Collect$$libshutdown$$00000003)
    .ARM.Collect$$libshutdown$$00000006      0x000001cc   Section        0  libshutdown2.o(.ARM.Collect$$libshutdown$$00000006)
    .ARM.Collect$$libshutdown$$00000009      0x000001cc   Section        0  libshutdown2.o(.ARM.Collect$$libshutdown$$00000009)
    .ARM.Collect$$libshutdown$$0000000B      0x000001cc   Section        0  libshutdown2.o(.ARM.Collect$$libshutdown$$0000000B)
    .ARM.Collect$$libshutdown$$0000000E      0x000001cc   Section        0  libshutdown2.o(.ARM.Collect$$libshutdown$$0000000E)
    .ARM.Collect$$libshutdown$$0000000F      0x000001cc   Section        6  libshutdown2.o(.ARM.Collect$$libshutdown$$0000000F)
    .ARM.Collect$$rtentry$$00000000          0x000001d4   Section        0  rtentry.o(.ARM.Collect$$rtentry$$00000000)
    .ARM.Collect$$rtentry$$00000002          0x000001d4   Section        0  rtentry2.o(.ARM.Collect$$rtentry$$00000002)
    .ARM.Collect$$rtentry$$00000004          0x000001d4   Section        8  rtentry4.o(.ARM.Collect$$rtentry$$00000004)
    .ARM.Collect$$rtentry$$00000009          0x000001dc   Section        0  rtentry2.o(.ARM.Collect$$rtentry$$00000009)
    .ARM.Collect$$rtentry$$0000000A          0x000001dc   Section        4  rtentry2.o(.ARM.Collect$$rtentry$$0000000A)
    .ARM.Collect$$rtentry$$0000000C          0x000001e0   Section        0  rtentry2.o(.ARM.Collect$$rtentry$$0000000C)
    .ARM.Collect$$rtentry$$0000000D          0x000001e0   Section       40  rtentry2.o(.ARM.Collect$$rtentry$$0000000D)
    .ARM.Collect$$rtexit$$00000000           0x0000020c   Section        4  rtexit.o(.ARM.Collect$$rtexit$$00000000)
    .ARM.Collect$$rtexit$$00000002           0x00000210   Section        0  rtexit2.o(.ARM.Collect$$rtexit$$00000002)
    .ARM.Collect$$rtexit$$00000003           0x00000210   Section        4  rtexit2.o(.ARM.Collect$$rtexit$$00000003)
    .ARM.Collect$$rtexit$$00000004           0x00000214   Section        8  rtexit2.o(.ARM.Collect$$rtexit$$00000004)
    .text                                    0x0000021c   Section       32  startup.o(.text)
    .text                                    0x0000023c   Section        0  timer0_delay.o(.text)
    .text                                    0x0000035c   Section        0  lcd.o(.text)
    .text                                    0x00000620   Section        0  rtc.o(.text)
    .text                                    0x00000878   Section        0  lm35.o(.text)
    .text                                    0x00000a0c   Section        0  led_buzzer.o(.text)
    .text                                    0x00000a90   Section        0  adc_lpc2148.o(.text)
    .text                                    0x00000b58   Section        0  kpm.o(.text)
    .text                                    0x00000d50   Section        0  event_log.o(.text)
    get_rtc_seconds                          0x00000d50   ARM Code      32  event_log.o(.text)
    print_2digits                            0x00000d70   ARM Code      68  event_log.o(.text)
    record_event                             0x00000db4   ARM Code     100  event_log.o(.text)
    show_event_screen                        0x00000e18   ARM Code     220  event_log.o(.text)
    .text                                    0x0000109c   Section        0  main1.o(.text)
    .text                                    0x00001228   Section        0  security.o(.text)
    .text                                    0x00001518   Section        0  eint0.o(.text)
    .text                                    0x000019b0   Section      384  aeabi_sdiv.o(.text)
    __arm_div8                               0x000019dc   ARM Code       0  aeabi_sdiv.o(.text)
    __arm_div5                               0x00001a00   ARM Code       0  aeabi_sdiv.o(.text)
    __arm_div2                               0x00001a24   ARM Code       0  aeabi_sdiv.o(.text)
    __arm_div_large                          0x00001a60   ARM Code       0  aeabi_sdiv.o(.text)
    .text                                    0x00001b30   Section        0  heapauxi.o(.text)
    .text                                    0x00001b38   Section       96  sys_stackheap_outer.o(.text)
    .text                                    0x00001b98   Section        0  exit.o(.text)
    .text                                    0x00001ba4   Section       12  libspace.o(.text)
    .text                                    0x00001bb8   Section        0  sys_exit.o(.text)
    .text                                    0x00001bc4   Section        4  use_no_semi.o(.text)
    .text                                    0x00001bc8   Section        0  indicate_semi.o(.text)
    .text_udiv                               0x00001bc8   Section       36  aeabi_sdiv.o(.text_udiv)
    x$fpl$d2f                                0x00001bec   Section      108  d2f.o(x$fpl$d2f)
    x$fpl$dadd                               0x00001c58   Section      340  daddsub_noclz.o(x$fpl$dadd)
    _dadd1                                   0x00001c68   ARM Code       0  daddsub_noclz.o(x$fpl$dadd)
    x$fpl$dflt                               0x00001dac   Section       88  dflt_noclz.o(x$fpl$dflt)
    x$fpl$dfltu                              0x00001e04   Section       12  dflt_noclz.o(x$fpl$dfltu)
    x$fpl$dmul                               0x00001e10   Section      384  dmul.o(x$fpl$dmul)
    x$fpl$dnaninf                            0x00001f90   Section      192  dnaninf.o(x$fpl$dnaninf)
    x$fpl$dretinf                            0x00002050   Section       16  dretinf.o(x$fpl$dretinf)
    x$fpl$dsub                               0x00002060   Section      580  daddsub_noclz.o(x$fpl$dsub)
    _dsub1                                   0x00002070   ARM Code       0  daddsub_noclz.o(x$fpl$dsub)
    x$fpl$f2d                                0x000022a4   Section      100  f2d.o(x$fpl$f2d)
    x$fpl$fadd                               0x00002308   Section      196  faddsub_noclz.o(x$fpl$fadd)
    _fadd1                                   0x00002314   ARM Code       0  faddsub_noclz.o(x$fpl$fadd)
    x$fpl$fcmpinf                            0x000023cc   Section       28  fcmpi.o(x$fpl$fcmpinf)
    x$fpl$ffixu                              0x000023e8   Section       84  ffixu.o(x$fpl$ffixu)
    x$fpl$fflt                               0x0000243c   Section       92  fflt_noclz.o(x$fpl$fflt)
    x$fpl$ffltu                              0x00002498   Section        8  fflt_noclz.o(x$fpl$ffltu)
    x$fpl$fleqf                              0x000024a0   Section      132  fleqf.o(x$fpl$fleqf)
    x$fpl$fmul                               0x00002524   Section      256  fmul.o(x$fpl$fmul)
    x$fpl$fnaninf                            0x00002624   Section      168  fnaninf.o(x$fpl$fnaninf)
    x$fpl$fretinf                            0x000026cc   Section       16  fretinf.o(x$fpl$fretinf)
    x$fpl$frleqf                             0x000026dc   Section      124  frleqf.o(x$fpl$frleqf)
    x$fpl$frsb                               0x00002758   Section       20  faddsub_noclz.o(x$fpl$frsb)
    x$fpl$fsub                               0x0000276c   Section      304  faddsub_noclz.o(x$fpl$fsub)
    _fsub1                                   0x00002778   ARM Code       0  faddsub_noclz.o(x$fpl$fsub)
    x$fpl$usenofp                            0x0000289c   Section        0  usenofp.o(x$fpl$usenofp)
    .data                                    0x40000000   Section       28  rtc.o(.data)
    .data                                    0x4000001c   Section        4  lm35.o(.data)
    .data                                    0x40000020   Section       16  kpm.o(.data)
    .data                                    0x40000030   Section       36  event_log.o(.data)
    ev_valid                                 0x40000030   Data           4  event_log.o(.data)
    ev_sensor                                0x40000034   Data           4  event_log.o(.data)
    ev_value                                 0x40000038   Data           4  event_log.o(.data)
    temp_unsafe                              0x4000003c   Data           4  event_log.o(.data)
    gas_unsafe                               0x40000040   Data           4  event_log.o(.data)
    period_start                             0x40000044   Data           4  event_log.o(.data)
    ev_hour                                  0x40000048   Data           4  event_log.o(.data)
    ev_min                                   0x4000004c   Data           4  event_log.o(.data)
    ev_sec                                   0x40000050   Data           4  event_log.o(.data)
    .data                                    0x40000054   Section       36  main1.o(.data)
    .data                                    0x40000078   Section        8  security.o(.data)
    .data                                    0x40000080   Section        8  eint0.o(.data)
    .bss                                     0x40000088   Section       96  libspace.o(.bss)
    HEAP                                     0x400000e8   Section        0  startup.o(HEAP)
    STACK                                    0x400000e8   Section     1160  startup.o(STACK)
    Heap_Mem                                 0x400000e8   Data           0  startup.o(HEAP)
    Stack_Mem                                0x400000e8   Data        1024  startup.o(STACK)
    Stack_Top                                0x40000570   Data           0  startup.o(STACK)

    Global Symbols

    Symbol Name                              Value     Ov Type        Size  Object(Section)

    BuildAttributes$$THM_ISAv1$ARM_ISAv4$S$PE$A:L22$X:L11$S22$IEEE1$IW$USESV6$~STKCKD$USESV7$~SHL$OSPACE$ROPI$EBA8$UX$STANDARDLIB$REQ8$PRES8$EABIv2 0x00000000   Number         0  anon$$obj.o ABSOLUTE
    __ARM_use_no_argv                        0x00000000   Number         0  main1.o ABSOLUTE
    __ARM_exceptions_init                     - Undefined Weak Reference
    __alloca_initialize                       - Undefined Weak Reference
    __cpp_initialize__aeabi_                  - Undefined Weak Reference
    __cxa_finalize                            - Undefined Weak Reference
    __rt_locale                               - Undefined Weak Reference
    __sigvec_lookup                           - Undefined Weak Reference
    _atexit_init                              - Undefined Weak Reference
    _call_atexit_fns                          - Undefined Weak Reference
    _clock_init                               - Undefined Weak Reference
    _fp_trap_init                             - Undefined Weak Reference
    _fp_trap_shutdown                         - Undefined Weak Reference
    _get_lc_collate                           - Undefined Weak Reference
    _get_lc_ctype                             - Undefined Weak Reference
    _get_lc_monetary                          - Undefined Weak Reference
    _get_lc_numeric                           - Undefined Weak Reference
    _get_lc_time                              - Undefined Weak Reference
    _getenv_init                              - Undefined Weak Reference
    _handle_redirection                       - Undefined Weak Reference
    _init_alloc                               - Undefined Weak Reference
    _init_user_alloc                          - Undefined Weak Reference
    _initio                                   - Undefined Weak Reference
    _rand_init                                - Undefined Weak Reference
    _signal_finish                            - Undefined Weak Reference
    _signal_init                              - Undefined Weak Reference
    _terminate_alloc                          - Undefined Weak Reference
    _terminate_user_alloc                     - Undefined Weak Reference
    _terminateio                              - Undefined Weak Reference
    Reset_Handler                            0x00000058   ARM Code       0  startup.o(RESET)
    __main                                   0x00000110   ARM Code       8  __main.o(!!!main)
    __scatterload                            0x00000118   ARM Code       0  __scatter.o(!!!scatter)
    __scatterload_rt2                        0x00000118   ARM Code      52  __scatter.o(!!!scatter)
    __scatterload_null                       0x0000012c   ARM Code       0  __scatter.o(!!!scatter)
    __scatterload_copy                       0x00000154   ARM Code      40  __scatter_copy.o(!!handler_copy)
    __scatterload_zeroinit                   0x0000017c   ARM Code      44  __scatter_zi.o(!!handler_zi)
    Inline ARM to Thumb Veneer to __rt_lib_init 0x000001a8   ARM Code       8  libinit.o(.ARM.Collect$$libinit$$00000000)
    __rt_lib_init                            0x000001b1   Thumb Code     0  libinit.o(.ARM.Collect$$libinit$$00000000)
    __rt_lib_init_alloca_1                   0x000001b3   Thumb Code     0  libinit2.o(.ARM.Collect$$libinit$$0000002C)
    __rt_lib_init_argv_1                     0x000001b3   Thumb Code     0  libinit2.o(.ARM.Collect$$libinit$$0000002A)
    __rt_lib_init_atexit_1                   0x000001b3   Thumb Code     0  libinit2.o(.ARM.Collect$$libinit$$00000019)
    __rt_lib_init_clock_1                    0x000001b3   Thumb Code     0  libinit2.o(.ARM.Collect$$libinit$$0000001F)
    __rt_lib_init_cpp_1                      0x000001b3   Thumb Code     0  libinit2.o(.ARM.Collect$$libinit$$00000030)
    __rt_lib_init_exceptions_1               0x000001b3   Thumb Code     0  libinit2.o(.ARM.Collect$$libinit$$0000002E)
    __rt_lib_init_fp_1                       0x000001b3   Thumb Code     0  libinit2.o(.ARM.Collect$$libinit$$00000002)
    __rt_lib_init_fp_trap_1                  0x000001b3   Thumb Code     0  libinit2.o(.ARM.Collect$$libinit$$0000001D)
    __rt_lib_init_getenv_1                   0x000001b3   Thumb Code     0  libinit2.o(.ARM.Collect$$libinit$$00000021)
    __rt_lib_init_heap_1                     0x000001b3   Thumb Code     0  libinit2.o(.ARM.Collect$$libinit$$00000008)
    __rt_lib_init_lc_collate_1               0x000001b3   Thumb Code     0  libinit2.o(.ARM.Collect$$libinit$$0000000F)
    __rt_lib_init_lc_ctype_1                 0x000001b3   Thumb Code     0  libinit2.o(.ARM.Collect$$libinit$$00000011)
    __rt_lib_init_lc_monetary_1              0x000001b3   Thumb Code     0  libinit2.o(.ARM.Collect$$libinit$$00000013)
    __rt_lib_init_lc_numeric_1               0x000001b3   Thumb Code     0  libinit2.o(.ARM.Collect$$libinit$$00000015)
    __rt_lib_init_lc_time_1                  0x000001b3   Thumb Code     0  libinit2.o(.ARM.Collect$$libinit$$00000017)
    __rt_lib_init_rand_1                     0x000001b3   Thumb Code     0  libinit2.o(.ARM.Collect$$libinit$$0000000C)
    __rt_lib_init_return                     0x000001b3   Thumb Code     0  libinit2.o(.ARM.Collect$$libinit$$00000031)
    __rt_lib_init_signal_1                   0x000001b3   Thumb Code     0  libinit2.o(.ARM.Collect$$libinit$$0000001B)
    __rt_lib_init_stdio_1                    0x000001b3   Thumb Code     0  libinit2.o(.ARM.Collect$$libinit$$00000023)
    __rt_lib_init_user_alloc_1               0x000001b3   Thumb Code     0  libinit2.o(.ARM.Collect$$libinit$$0000000A)
    Inline ARM to Thumb Veneer to __rt_lib_shutdown 0x000001c0   ARM Code       8  libshutdown.o(.ARM.Collect$$libshutdown$$00000000)
    __rt_lib_shutdown                        0x000001c9   Thumb Code     0  libshutdown.o(.ARM.Collect$$libshutdown$$00000000)
    __rt_lib_shutdown_fp_trap_1              0x000001cd   Thumb Code     0  libshutdown2.o(.ARM.Collect$$libshutdown$$00000006)
    __rt_lib_shutdown_heap_1                 0x000001cd   Thumb Code     0  libshutdown2.o(.ARM.Collect$$libshutdown$$0000000E)
    __rt_lib_shutdown_return                 0x000001cd   Thumb Code     0  libshutdown2.o(.ARM.Collect$$libshutdown$$0000000F)
    __rt_lib_shutdown_signal_1               0x000001cd   Thumb Code     0  libshutdown2.o(.ARM.Collect$$libshutdown$$00000009)
    __rt_lib_shutdown_stdio_1                0x000001cd   Thumb Code     0  libshutdown2.o(.ARM.Collect$$libshutdown$$00000003)
    __rt_lib_shutdown_user_alloc_1           0x000001cd   Thumb Code     0  libshutdown2.o(.ARM.Collect$$libshutdown$$0000000B)
    __rt_entry                               0x000001d4   ARM Code       0  rtentry.o(.ARM.Collect$$rtentry$$00000000)
    __rt_entry_presh_1                       0x000001d4   ARM Code       0  rtentry2.o(.ARM.Collect$$rtentry$$00000002)
    __rt_entry_sh                            0x000001d4   ARM Code       0  rtentry4.o(.ARM.Collect$$rtentry$$00000004)
    __rt_entry_li                            0x000001dc   ARM Code       0  rtentry2.o(.ARM.Collect$$rtentry$$0000000A)
    __rt_entry_postsh_1                      0x000001dc   ARM Code       0  rtentry2.o(.ARM.Collect$$rtentry$$00000009)
    __rt_entry_main                          0x000001e0   ARM Code       0  rtentry2.o(.ARM.Collect$$rtentry$$0000000D)
    __rt_entry_postli_1                      0x000001e0   ARM Code       0  rtentry2.o(.ARM.Collect$$rtentry$$0000000C)
    Inline Thumb to ARM Veneer to __rt_exit  0x00000209   Thumb Code     4  rtexit.o(.ARM.Collect$$rtexit$$00000000)
    __rt_exit                                0x0000020c   ARM Code       0  rtexit.o(.ARM.Collect$$rtexit$$00000000)
    __rt_exit_ls                             0x00000210   ARM Code       0  rtexit2.o(.ARM.Collect$$rtexit$$00000003)
    __rt_exit_prels_1                        0x00000210   ARM Code       0  rtexit2.o(.ARM.Collect$$rtexit$$00000002)
    __rt_exit_exit                           0x00000214   ARM Code       0  rtexit2.o(.ARM.Collect$$rtexit$$00000004)
    __user_initial_stackheap                 0x0000021c   ARM Code       0  startup.o(.text)
    Init_timer0                              0x0000023c   ARM Code      24  timer0_delay.o(.text)
    tdelay_us                                0x00000254   ARM Code      84  timer0_delay.o(.text)
    tdelay_ms                                0x000002a8   ARM Code      84  timer0_delay.o(.text)
    tdelay_s                                 0x000002fc   ARM Code      84  timer0_delay.o(.text)
    WRITE_LCD_CMD                            0x0000035c   ARM Code      92  lcd.o(.text)
    Init_LCD                                 0x000003b8   ARM Code     152  lcd.o(.text)
    WRITE_LCD_DATA                           0x00000450   ARM Code      92  lcd.o(.text)
    strLCD                                   0x000004ac   ARM Code      40  lcd.o(.text)
    u32LCD                                   0x000004d4   ARM Code     124  lcd.o(.text)
    s32LCD                                   0x00000550   ARM Code      44  lcd.o(.text)
    f32LCD                                   0x0000057c   ARM Code     156  lcd.o(.text)
    RTC_Init                                 0x00000620   ARM Code      40  rtc.o(.text)
    SET_RTC_Time_Info                        0x00000648   ARM Code      20  rtc.o(.text)
    GET_RTC_Time_Info                        0x0000065c   ARM Code      40  rtc.o(.text)
    Display_RTC_Time                         0x00000684   ARM Code     204  rtc.o(.text)
    SET_RTC_Date_Info                        0x00000750   ARM Code      20  rtc.o(.text)
    GET_RTC_Date_Info                        0x00000764   ARM Code      40  rtc.o(.text)
    Display_RTC_Date                         0x0000078c   ARM Code     160  rtc.o(.text)
    SET_RTC_DAY                              0x0000082c   ARM Code      12  rtc.o(.text)
    GET_RTC_DAY                              0x00000838   ARM Code      16  rtc.o(.text)
    Display_RTC_Day                          0x00000848   ARM Code      36  rtc.o(.text)
    LM35tc                                   0x00000878   ARM Code      40  lm35.o(.text)
    LM35tF                                   0x000008a0   ARM Code      68  lm35.o(.text)
    display_temp                             0x000008e4   ARM Code      60  lm35.o(.text)
    display_gas                              0x00000920   ARM Code      48  lm35.o(.text)
    LED_Buzzer_check                         0x00000950   ARM Code     156  lm35.o(.text)
    LED_ON                                   0x00000a0c   ARM Code      32  led_buzzer.o(.text)
    LED_OFF                                  0x00000a2c   ARM Code      32  led_buzzer.o(.text)
    Buzzer_ON                                0x00000a4c   ARM Code      32  led_buzzer.o(.text)
    Buzzer_OFF                               0x00000a6c   ARM Code      32  led_buzzer.o(.text)
    Init_ADC                                 0x00000a90   ARM Code      36  adc_lpc2148.o(.text)
    Read_ADC                                 0x00000ab4   ARM Code     144  adc_lpc2148.o(.text)
    InitKPM                                  0x00000b58   ARM Code      24  kpm.o(.text)
    colScan                                  0x00000b70   ARM Code      40  kpm.o(.text)
    Rowcheck                                 0x00000b98   ARM Code     100  kpm.o(.text)
    Colcheck                                 0x00000bfc   ARM Code      56  kpm.o(.text)
    keyscan                                  0x00000c34   ARM Code      76  kpm.o(.text)
    ReadNum                                  0x00000c80   ARM Code     100  kpm.o(.text)
    ReadNum1                                 0x00000ce4   ARM Code     100  kpm.o(.text)
    EventLog_Init                            0x00000ef4   ARM Code      56  event_log.o(.text)
    EventLog_Update                          0x00000f2c   ARM Code     260  event_log.o(.text)
    EventLog_DisplayTask                     0x00001030   ARM Code     108  event_log.o(.text)
    main                                     0x0000109c   ARM Code     348  main1.o(.text)
    CheckPassword                            0x00001228   ARM Code      72  security.o(.text)
    Access_Granted                           0x00001270   ARM Code      72  security.o(.text)
    Access_Denied                            0x000012b8   ARM Code     140  security.o(.text)
    change_password                          0x00001344   ARM Code     468  security.o(.text)
    eint1_isr                                0x00001518   ARM Code      64  eint0.o(.text)
    eint1_enable                             0x00001558   ARM Code      72  eint0.o(.text)
    edit_threshold                           0x000015a0   ARM Code     100  eint0.o(.text)
    edit_rtc                                 0x00001604   ARM Code     680  eint0.o(.text)
    Edit_Menu                                0x000018ac   ARM Code     208  eint0.o(.text)
    __aeabi_idiv                             0x000019b0   ARM Code       0  aeabi_sdiv.o(.text)
    __aeabi_idivmod                          0x000019b0   ARM Code     384  aeabi_sdiv.o(.text)
    __use_two_region_memory                  0x00001b31   Thumb Code     2  heapauxi.o(.text)
    __rt_heap_escrow$2region                 0x00001b33   Thumb Code     2  heapauxi.o(.text)
    __rt_heap_expand$2region                 0x00001b35   Thumb Code     2  heapauxi.o(.text)
    __user_setup_stackheap                   0x00001b38   ARM Code      96  sys_stackheap_outer.o(.text)
    exit                                     0x00001b99   Thumb Code    12  exit.o(.text)
    __user_libspace                          0x00001ba4   ARM Code      12  libspace.o(.text)
    __user_perproc_libspace                  0x00001ba4   ARM Code       0  libspace.o(.text)
    __user_perthread_libspace                0x00001ba4   ARM Code       0  libspace.o(.text)
    Inline ARM to Thumb Veneer to _sys_exit  0x00001bb0   ARM Code       8  sys_exit.o(.text)
    _sys_exit                                0x00001bb9   Thumb Code     8  sys_exit.o(.text)
    __I$use$semihosting                      0x00001bc4   ARM Code       0  use_no_semi.o(.text)
    __use_no_semihosting_swi                 0x00001bc4   ARM Code       4  use_no_semi.o(.text)
    __aeabi_uidiv                            0x00001bc8   ARM Code       0  aeabi_sdiv.o(.text_udiv)
    __aeabi_uidivmod                         0x00001bc8   ARM Code      36  aeabi_sdiv.o(.text_udiv)
    __semihosting_library_function           0x00001bc8   ARM Code       0  indicate_semi.o(.text)
    __aeabi_d2f                              0x00001bec   ARM Code       0  d2f.o(x$fpl$d2f)
    _d2f                                     0x00001bec   ARM Code     108  d2f.o(x$fpl$d2f)
    __aeabi_dadd                             0x00001c58   ARM Code       0  daddsub_noclz.o(x$fpl$dadd)
    _dadd                                    0x00001c58   ARM Code     336  daddsub_noclz.o(x$fpl$dadd)
    __aeabi_i2d                              0x00001dac   ARM Code       0  dflt_noclz.o(x$fpl$dflt)
    _dflt                                    0x00001dac   ARM Code      88  dflt_noclz.o(x$fpl$dflt)
    __dflt_normalise                         0x00001dbc   ARM Code       0  dflt_noclz.o(x$fpl$dflt)
    __aeabi_ui2d                             0x00001e04   ARM Code       0  dflt_noclz.o(x$fpl$dfltu)
    _dfltu                                   0x00001e04   ARM Code      12  dflt_noclz.o(x$fpl$dfltu)
    __aeabi_dmul                             0x00001e10   ARM Code       0  dmul.o(x$fpl$dmul)
    _dmul                                    0x00001e10   ARM Code     372  dmul.o(x$fpl$dmul)
    __fpl_dnaninf                            0x00001f90   ARM Code     192  dnaninf.o(x$fpl$dnaninf)
    __fpl_dretinf                            0x00002050   ARM Code      16  dretinf.o(x$fpl$dretinf)
    __aeabi_dsub                             0x00002060   ARM Code       0  daddsub_noclz.o(x$fpl$dsub)
    _dsub                                    0x00002060   ARM Code     576  daddsub_noclz.o(x$fpl$dsub)
    __aeabi_f2d                              0x000022a4   ARM Code       0  f2d.o(x$fpl$f2d)
    _f2d                                     0x000022a4   ARM Code     100  f2d.o(x$fpl$f2d)
    __aeabi_fadd                             0x00002308   ARM Code       0  faddsub_noclz.o(x$fpl$fadd)
    _fadd                                    0x00002308   ARM Code     196  faddsub_noclz.o(x$fpl$fadd)
    __fpl_fcmp_Inf                           0x000023cc   ARM Code      28  fcmpi.o(x$fpl$fcmpinf)
    __aeabi_f2uiz                            0x000023e8   ARM Code       0  ffixu.o(x$fpl$ffixu)
    _ffixu                                   0x000023e8   ARM Code      84  ffixu.o(x$fpl$ffixu)
    __aeabi_i2f                              0x0000243c   ARM Code       0  fflt_noclz.o(x$fpl$fflt)
    _fflt                                    0x0000243c   ARM Code      92  fflt_noclz.o(x$fpl$fflt)
    __fflt_normalise                         0x00002448   ARM Code       0  fflt_noclz.o(x$fpl$fflt)
    __aeabi_ui2f                             0x00002498   ARM Code       0  fflt_noclz.o(x$fpl$ffltu)
    _ffltu                                   0x00002498   ARM Code       8  fflt_noclz.o(x$fpl$ffltu)
    __aeabi_cfcmple                          0x000024a0   ARM Code       0  fleqf.o(x$fpl$fleqf)
    _fcmple                                  0x000024a0   ARM Code     132  fleqf.o(x$fpl$fleqf)
    __fpl_fcmple_InfNaN                      0x0000250c   ARM Code       0  fleqf.o(x$fpl$fleqf)
    __aeabi_fmul                             0x00002524   ARM Code       0  fmul.o(x$fpl$fmul)
    _fmul                                    0x00002524   ARM Code     256  fmul.o(x$fpl$fmul)
    __fpl_fnaninf                            0x00002624   ARM Code     168  fnaninf.o(x$fpl$fnaninf)
    __fpl_fretinf                            0x000026cc   ARM Code      16  fretinf.o(x$fpl$fretinf)
    __aeabi_cfrcmple                         0x000026dc   ARM Code       0  frleqf.o(x$fpl$frleqf)
    _frcmple                                 0x000026dc   ARM Code     124  frleqf.o(x$fpl$frleqf)
    __aeabi_frsub                            0x00002758   ARM Code       0  faddsub_noclz.o(x$fpl$frsb)
    _frsb                                    0x00002758   ARM Code      20  faddsub_noclz.o(x$fpl$frsb)
    __aeabi_fsub                             0x0000276c   ARM Code       0  faddsub_noclz.o(x$fpl$fsub)
    _fsub                                    0x0000276c   ARM Code     304  faddsub_noclz.o(x$fpl$fsub)
    Region$$Table$$Base                      0x0000289c   Number         0  anon$$obj.o(Region$$Table)
    __I$use$fp                               0x0000289c   Number         0  usenofp.o(x$fpl$usenofp)
    Region$$Table$$Limit                     0x000028bc   Number         0  anon$$obj.o(Region$$Table)
    week                                     0x40000000   Data          28  rtc.o(.data)
    buzzer_muted                             0x4000001c   Data           4  lm35.o(.data)
    kpmLUT                                   0x40000020   Data          16  kpm.o(.data)
    hour                                     0x40000054   Data           4  main1.o(.data)
    min                                      0x40000058   Data           4  main1.o(.data)
    sec                                      0x4000005c   Data           4  main1.o(.data)
    date                                     0x40000060   Data           4  main1.o(.data)
    month                                    0x40000064   Data           4  main1.o(.data)
    year                                     0x40000068   Data           4  main1.o(.data)
    day                                      0x4000006c   Data           4  main1.o(.data)
    tempc                                    0x40000070   Data           4  main1.o(.data)
    gas_logic                                0x40000074   Data           4  main1.o(.data)
    System_Password                          0x40000078   Data           4  security.o(.data)
    Wrong_attempt                            0x4000007c   Data           4  security.o(.data)
    edit_mode                                0x40000080   Data           4  eint0.o(.data)
    temp_threshold                           0x40000084   Data           4  eint0.o(.data)
    __libspace_start                         0x40000088   Data          96  libspace.o(.bss)
    __temporary_stack_top$libspace           0x400000e8   Data           0  libspace.o(.bss)



==============================================================================

Memory Map of the image

  Image Entry point : 0x00000110

  Load Region LR_IROM1 (Base: 0x00000000, Size: 0x00002944, Max: 0x00040000, ABSOLUTE)

    Execution Region ER_IROM1 (Base: 0x00000000, Size: 0x000028bc, Max: 0x00040000, ABSOLUTE)

    Base Addr    Size         Type   Attr      Idx    E Section Name        Object

    0x00000000   0x00000110   Code   RO            3    RESET               startup.o
    0x00000110   0x00000008   Code   RO          249  * !!!main             c_t.l(__main.o)
    0x00000118   0x0000003c   Code   RO          462    !!!scatter          c_t.l(__scatter.o)
    0x00000154   0x00000028   Code   RO          464    !!handler_copy      c_t.l(__scatter_copy.o)
    0x0000017c   0x0000002c   Code   RO          466    !!handler_zi        c_t.l(__scatter_zi.o)
    0x000001a8   0x00000008   Ven    RO          333    .ARM.Collect$$libinit$$00000000  c_t.l(libinit.o)
    0x000001b0   0x00000002   Code   RO          333    .ARM.Collect$$libinit$$00000000  c_t.l(libinit.o)
    0x000001b2   0x00000000   Code   RO          346    .ARM.Collect$$libinit$$00000002  c_t.l(libinit2.o)
    0x000001b2   0x00000000   Code   RO          349    .ARM.Collect$$libinit$$00000008  c_t.l(libinit2.o)
    0x000001b2   0x00000000   Code   RO          351    .ARM.Collect$$libinit$$0000000A  c_t.l(libinit2.o)
    0x000001b2   0x00000000   Code   RO          353    .ARM.Collect$$libinit$$0000000C  c_t.l(libinit2.o)
    0x000001b2   0x00000000   Code   RO          356    .ARM.Collect$$libinit$$0000000F  c_t.l(libinit2.o)
    0x000001b2   0x00000000   Code   RO          358    .ARM.Collect$$libinit$$00000011  c_t.l(libinit2.o)
    0x000001b2   0x00000000   Code   RO          360    .ARM.Collect$$libinit$$00000013  c_t.l(libinit2.o)
    0x000001b2   0x00000000   Code   RO          362    .ARM.Collect$$libinit$$00000015  c_t.l(libinit2.o)
    0x000001b2   0x00000000   Code   RO          364    .ARM.Collect$$libinit$$00000017  c_t.l(libinit2.o)
    0x000001b2   0x00000000   Code   RO          366    .ARM.Collect$$libinit$$00000019  c_t.l(libinit2.o)
    0x000001b2   0x00000000   Code   RO          368    .ARM.Collect$$libinit$$0000001B  c_t.l(libinit2.o)
    0x000001b2   0x00000000   Code   RO          370    .ARM.Collect$$libinit$$0000001D  c_t.l(libinit2.o)
    0x000001b2   0x00000000   Code   RO          372    .ARM.Collect$$libinit$$0000001F  c_t.l(libinit2.o)
    0x000001b2   0x00000000   Code   RO          374    .ARM.Collect$$libinit$$00000021  c_t.l(libinit2.o)
    0x000001b2   0x00000000   Code   RO          376    .ARM.Collect$$libinit$$00000023  c_t.l(libinit2.o)
    0x000001b2   0x00000000   Code   RO          380    .ARM.Collect$$libinit$$0000002A  c_t.l(libinit2.o)
    0x000001b2   0x00000000   Code   RO          382    .ARM.Collect$$libinit$$0000002C  c_t.l(libinit2.o)
    0x000001b2   0x00000000   Code   RO          384    .ARM.Collect$$libinit$$0000002E  c_t.l(libinit2.o)
    0x000001b2   0x00000000   Code   RO          386    .ARM.Collect$$libinit$$00000030  c_t.l(libinit2.o)
    0x000001b2   0x0000000c   Code   RO          387    .ARM.Collect$$libinit$$00000031  c_t.l(libinit2.o)
    0x000001be   0x00000002   PAD
    0x000001c0   0x00000008   Ven    RO          420    .ARM.Collect$$libshutdown$$00000000  c_t.l(libshutdown.o)
    0x000001c8   0x00000004   Code   RO          420    .ARM.Collect$$libshutdown$$00000000  c_t.l(libshutdown.o)
    0x000001cc   0x00000000   Code   RO          447    .ARM.Collect$$libshutdown$$00000003  c_t.l(libshutdown2.o)
    0x000001cc   0x00000000   Code   RO          450    .ARM.Collect$$libshutdown$$00000006  c_t.l(libshutdown2.o)
    0x000001cc   0x00000000   Code   RO          453    .ARM.Collect$$libshutdown$$00000009  c_t.l(libshutdown2.o)
    0x000001cc   0x00000000   Code   RO          455    .ARM.Collect$$libshutdown$$0000000B  c_t.l(libshutdown2.o)
    0x000001cc   0x00000000   Code   RO          458    .ARM.Collect$$libshutdown$$0000000E  c_t.l(libshutdown2.o)
    0x000001cc   0x00000006   Code   RO          459    .ARM.Collect$$libshutdown$$0000000F  c_t.l(libshutdown2.o)
    0x000001d2   0x00000002   PAD
    0x000001d4   0x00000000   Code   RO          287    .ARM.Collect$$rtentry$$00000000  c_t.l(rtentry.o)
    0x000001d4   0x00000000   Code   RO          304    .ARM.Collect$$rtentry$$00000002  c_t.l(rtentry2.o)
    0x000001d4   0x00000008   Code   RO          316    .ARM.Collect$$rtentry$$00000004  c_t.l(rtentry4.o)
    0x000001dc   0x00000000   Code   RO          306    .ARM.Collect$$rtentry$$00000009  c_t.l(rtentry2.o)
    0x000001dc   0x00000004   Code   RO          307    .ARM.Collect$$rtentry$$0000000A  c_t.l(rtentry2.o)
    0x000001e0   0x00000000   Code   RO          309    .ARM.Collect$$rtentry$$0000000C  c_t.l(rtentry2.o)
    0x000001e0   0x00000028   Code   RO          310    .ARM.Collect$$rtentry$$0000000D  c_t.l(rtentry2.o)
    0x00000208   0x00000004   Ven    RO          337    .ARM.Collect$$rtexit$$00000000  c_t.l(rtexit.o)
    0x0000020c   0x00000004   Code   RO          337    .ARM.Collect$$rtexit$$00000000  c_t.l(rtexit.o)
    0x00000210   0x00000000   Code   RO          391    .ARM.Collect$$rtexit$$00000002  c_t.l(rtexit2.o)
    0x00000210   0x00000004   Code   RO          392    .ARM.Collect$$rtexit$$00000003  c_t.l(rtexit2.o)
    0x00000214   0x00000008   Code   RO          393    .ARM.Collect$$rtexit$$00000004  c_t.l(rtexit2.o)
    0x0000021c   0x00000020   Code   RO            4    .text               startup.o
    0x0000023c   0x00000120   Code   RO           11    .text               timer0_delay.o
    0x0000035c   0x000002c4   Code   RO           29    .text               lcd.o
    0x00000620   0x00000258   Code   RO           52    .text               rtc.o
    0x00000878   0x00000194   Code   RO           70    .text               lm35.o
    0x00000a0c   0x00000084   Code   RO          100    .text               led_buzzer.o
    0x00000a90   0x000000c8   Code   RO          112    .text               adc_lpc2148.o
    0x00000b58   0x000001f8   Code   RO          124    .text               kpm.o
    0x00000d50   0x0000034c   Code   RO          139    .text               event_log.o
    0x0000109c   0x0000018c   Code   RO          159    .text               main1.o
    0x00001228   0x000002f0   Code   RO          186    .text               security.o
    0x00001518   0x00000498   Code   RO          206    .text               eint0.o
    0x000019b0   0x00000180   Code   RO          231    .text               c_t.l(aeabi_sdiv.o)
    0x00001b30   0x00000006   Code   RO          247    .text               c_t.l(heapauxi.o)
    0x00001b36   0x00000002   PAD
    0x00001b38   0x00000060   Code   RO          320    .text               c_t.l(sys_stackheap_outer.o)
    0x00001b98   0x0000000c   Code   RO          322    .text               c_t.l(exit.o)
    0x00001ba4   0x0000000c   Code   RO          334    .text               c_t.l(libspace.o)
    0x00001bb0   0x00000008   Ven    RO          388    .text               c_t.l(sys_exit.o)
    0x00001bb8   0x0000000c   Code   RO          388    .text               c_t.l(sys_exit.o)
    0x00001bc4   0x00000004   Code   RO          409    .text               c_t.l(use_no_semi.o)
    0x00001bc8   0x00000000   Code   RO          411    .text               c_t.l(indicate_semi.o)
    0x00001bc8   0x00000024   Code   RO          232    .text_udiv          c_t.l(aeabi_sdiv.o)
    0x00001bec   0x0000006c   Code   RO          251    x$fpl$d2f           fz_ts.l(d2f.o)
    0x00001c58   0x00000154   Code   RO          253    x$fpl$dadd          fz_ts.l(daddsub_noclz.o)
    0x00001dac   0x00000058   Code   RO          260    x$fpl$dflt          fz_ts.l(dflt_noclz.o)
    0x00001e04   0x0000000c   Code   RO          259    x$fpl$dfltu         fz_ts.l(dflt_noclz.o)
    0x00001e10   0x00000180   Code   RO          263    x$fpl$dmul          fz_ts.l(dmul.o)
    0x00001f90   0x000000c0   Code   RO          292    x$fpl$dnaninf       fz_ts.l(dnaninf.o)
    0x00002050   0x00000010   Code   RO          294    x$fpl$dretinf       fz_ts.l(dretinf.o)
    0x00002060   0x00000244   Code   RO          255    x$fpl$dsub          fz_ts.l(daddsub_noclz.o)
    0x000022a4   0x00000064   Code   RO          265    x$fpl$f2d           fz_ts.l(f2d.o)
    0x00002308   0x000000c4   Code   RO          267    x$fpl$fadd          fz_ts.l(faddsub_noclz.o)
    0x000023cc   0x0000001c   Code   RO          296    x$fpl$fcmpinf       fz_ts.l(fcmpi.o)
    0x000023e8   0x00000054   Code   RO          273    x$fpl$ffixu         fz_ts.l(ffixu.o)
    0x0000243c   0x0000005c   Code   RO          278    x$fpl$fflt          fz_ts.l(fflt_noclz.o)
    0x00002498   0x00000008   Code   RO          277    x$fpl$ffltu         fz_ts.l(fflt_noclz.o)
    0x000024a0   0x00000084   Code   RO          281    x$fpl$fleqf         fz_ts.l(fleqf.o)
    0x00002524   0x00000100   Code   RO          283    x$fpl$fmul          fz_ts.l(fmul.o)
    0x00002624   0x000000a8   Code   RO          298    x$fpl$fnaninf       fz_ts.l(fnaninf.o)
    0x000026cc   0x00000010   Code   RO          300    x$fpl$fretinf       fz_ts.l(fretinf.o)
    0x000026dc   0x0000007c   Code   RO          285    x$fpl$frleqf        fz_ts.l(frleqf.o)
    0x00002758   0x00000014   Code   RO          268    x$fpl$frsb          fz_ts.l(faddsub_noclz.o)
    0x0000276c   0x00000130   Code   RO          269    x$fpl$fsub          fz_ts.l(faddsub_noclz.o)
    0x0000289c   0x00000000   Code   RO          302    x$fpl$usenofp       fz_ts.l(usenofp.o)
    0x0000289c   0x00000020   Data   RO          460    Region$$Table       anon$$obj.o


    Execution Region RW_IRAM1 (Base: 0x40000000, Size: 0x00000570, Max: 0x00004000, ABSOLUTE)

    Base Addr    Size         Type   Attr      Idx    E Section Name        Object

    0x40000000   0x0000001c   Data   RW           53    .data               rtc.o
    0x4000001c   0x00000004   Data   RW           71    .data               lm35.o
    0x40000020   0x00000010   Data   RW          125    .data               kpm.o
    0x40000030   0x00000024   Data   RW          140    .data               event_log.o
    0x40000054   0x00000024   Data   RW          160    .data               main1.o
    0x40000078   0x00000008   Data   RW          187    .data               security.o
    0x40000080   0x00000008   Data   RW          207    .data               eint0.o
    0x40000088   0x00000060   Zero   RW          335    .bss                c_t.l(libspace.o)
    0x400000e8   0x00000000   Zero   RW            2    HEAP                startup.o
    0x400000e8   0x00000488   Zero   RW            1    STACK               startup.o


==============================================================================

Image component sizes


      Code (inc. data)   RO Data    RW Data    ZI Data      Debug   Object Name

       200         20          0          0          0        976   adc_lpc2148.o
      1176        268          0          8          0       3046   eint0.o
       844         64          0         36          0       2153   event_log.o
       504          8          0         16          0       2062   kpm.o
       708          8          0          0          0       2348   lcd.o
       132          4          0          0          0        630   led_buzzer.o
       404         32          0          4          0       1981   lm35.o
       396         48          0         36          0       1710   main1.o
       600         12          0         28          0       2784   rtc.o
       752        236          0          8          0       2105   security.o
       304         60          0          0       1160        492   startup.o
       288         12          0          0          0       2603   timer0_delay.o

    ----------------------------------------------------------------------
      6308        772         32        136       1160      22890   Object Totals
         0          0         32          0          0          0   (incl. Generated)
         0          0          0          0          0          0   (incl. Padding)

    ----------------------------------------------------------------------

      Code (inc. data)   RO Data    RW Data    ZI Data      Debug   Library Member Name

         8          0          0          0          0         68   __main.o
        60          8          0          0          0          0   __scatter.o
        40          0          0          0          0          0   __scatter_copy.o
        44          0          0          0          0          0   __scatter_zi.o
       420          0          0          0          0        148   aeabi_sdiv.o
        12          0          0          0          0         64   exit.o
         6          0          0          0          0        136   heapauxi.o
         0          0          0          0          0          0   indicate_semi.o
        10          0          0          0          0          0   libinit.o
        12          0          0          0          0          0   libinit2.o
        12          0          0          0          0          0   libshutdown.o
         6          0          0          0          0          0   libshutdown2.o
        12          4          0          0         96         68   libspace.o
         0          0          0          0          0          0   rtentry.o
        44          4          0          0          0          0   rtentry2.o
         8          0          0          0          0          0   rtentry4.o
         8          0          0          0          0          0   rtexit.o
        12          0          0          0          0          0   rtexit2.o
        20          4          0          0          0         60   sys_exit.o
        96          0          0          0          0         80   sys_stackheap_outer.o
         4          0          0          0          0         68   use_no_semi.o
       108          4          0          0          0         92   d2f.o
       920         16          0          0          0        292   daddsub_noclz.o
       100          0          0          0          0        136   dflt_noclz.o
       384         16          0          0          0        124   dmul.o
       192          0          0          0          0        108   dnaninf.o
        16          0          0          0          0         68   dretinf.o
       100          4          0          0          0         84   f2d.o
       520          8          0          0          0        236   faddsub_noclz.o
        28          0          0          0          0         68   fcmpi.o
        84          4          0          0          0         84   ffixu.o
       100          0          0          0          0        136   fflt_noclz.o
       132          4          0          0          0         84   fleqf.o
       256          4          0          0          0         84   fmul.o
       168          0          0          0          0         96   fnaninf.o
        16          0          0          0          0         68   fretinf.o
       124          0          0          0          0         68   frleqf.o
         0          0          0          0          0          0   usenofp.o

    ----------------------------------------------------------------------
      4088         80          0          0         96       2520   Library Totals
         6          0          0          0          0          0   (incl. Padding)

    ----------------------------------------------------------------------

      Code (inc. data)   RO Data    RW Data    ZI Data      Debug   Library Name

       834         20          0          0         96        692   c_t.l
      3248         60          0          0          0       1828   fz_ts.l

    ----------------------------------------------------------------------
      4088         80          0          0         96       2520   Library Totals

    ----------------------------------------------------------------------

==============================================================================


      Code (inc. data)   RO Data    RW Data    ZI Data      Debug   

     10396        852         32        136       1256      23190   Grand Totals
     10396        852         32        136       1256      23190   ELF Image Totals
     10396        852         32        136          0          0   ROM Totals

==============================================================================

    Total RO  Size (Code + RO Data)                10428 (  10.18kB)
    Total RW  Size (RW Data + ZI Data)              1392 (   1.36kB)
    Total ROM Size (Code + RO Data + RW Data)      10564 (  10.32kB)

==============================================================================

