<html>
<body>
<pre>
<h1>µVision Build Log</h1>
<h2>Project:</h2>
E:\v25he11b13\project\Kitchen_Safety_Heat_and_Gas_Monitoring_System\kitchen_Safety_Monitoring.uvproj
Project File Date:  09/23/2026

<h2>Output:</h2>
Build target 'LPC2148'
linking...
Program Size: Code=10432 RO-data=32 RW-data=140 ZI-data=1284  
FromELF: creating hex file...
"Safety_Monitoring.axf" - 0 Error(s), 0 Warning(s).
Build target 'LPC2148'
assembling Startup.s...
compiling timer0_delay.c...
compiling LCD.c...
compiling RTC.c...
compiling LM35.c...
compiling LED_Buzzer.c...
compiling ADC_LPC2148.c...
compiling KPM.c...
compiling Event_log.c...
compiling main1.c...
compiling security.c...
compiling eint0.c...
compiling flash.c...
linking...
Program Size: Code=10432 RO-data=32 RW-data=140 ZI-data=1284  
FromELF: creating hex file...
"Safety_Monitoring.axf" - 0 Error(s), 0 Warning(s).
Build target 'LPC2148'
assembling Startup.s...
compiling timer0_delay.c...
compiling LCD.c...
compiling RTC.c...
compiling LM35.c...
compiling LED_Buzzer.c...
compiling ADC_LPC2148.c...
compiling KPM.c...
compiling Event_log.c...
compiling main1.c...
compiling security.c...
compiling eint0.c...
compiling flash.c...
linking...
Program Size: Code=10428 RO-data=32 RW-data=140 ZI-data=1284  
FromELF: creating hex file...
"Safety_Monitoring.axf" - 0 Error(s), 0 Warning(s).
Build target 'LPC2148'
assembling Startup.s...
compiling timer0_delay.c...
compiling LCD.c...
compiling RTC.c...
compiling LM35.c...
compiling LED_Buzzer.c...
compiling ADC_LPC2148.c...
compiling KPM.c...
compiling Event_log.c...
compiling main1.c...
compiling security.c...
compiling eint0.c...
compiling flash.c...
linking...
Program Size: Code=10432 RO-data=32 RW-data=140 ZI-data=1284  
FromELF: creating hex file...
"Safety_Monitoring.axf" - 0 Error(s), 0 Warning(s).
Build target 'LPC2148'
assembling Startup.s...
compiling timer0_delay.c...
compiling LCD.c...
compiling RTC.c...
compiling LM35.c...
compiling LED_Buzzer.c...
compiling ADC_LPC2148.c...
compiling KPM.c...
compiling Event_log.c...
compiling main1.c...
compiling security.c...
compiling eint0.c...
compiling flash.c...
linking...
Program Size: Code=10428 RO-data=32 RW-data=140 ZI-data=1284  
FromELF: creating hex file...
"Safety_Monitoring.axf" - 0 Error(s), 0 Warning(s).
Build target 'LPC2148'
assembling Startup.s...
compiling timer0_delay.c...
compiling LCD.c...
compiling RTC.c...
compiling LM35.c...
compiling LED_Buzzer.c...
compiling ADC_LPC2148.c...
compiling KPM.c...
compiling Event_log.c...
compiling main1.c...
compiling security.c...
compiling eint0.c...
compiling flash.c...
linking...
Program Size: Code=10428 RO-data=32 RW-data=140 ZI-data=1284  
FromELF: creating hex file...
"Safety_Monitoring.axf" - 0 Error(s), 0 Warning(s).
Build target 'LPC2148'
assembling Startup.s...
compiling timer0_delay.c...
compiling LCD.c...
compiling RTC.c...
compiling LM35.c...
compiling LED_Buzzer.c...
compiling ADC_LPC2148.c...
compiling KPM.c...
compiling Event_log.c...
compiling main1.c...
compiling security.c...
compiling eint0.c...
compiling flash.c...
flash.c(59): error:  #20: identifier "GPREG0" is undefined
flash.c:         if(GPREG0 != RTC_MAGIC)
flash.c:            ^
flash.c: flash.c: 0 warnings, 1 error
Target not created
Build target 'LPC2148'
assembling Startup.s...
compiling timer0_delay.c...
compiling LCD.c...
compiling RTC.c...
compiling LM35.c...
compiling LED_Buzzer.c...
compiling ADC_LPC2148.c...
compiling KPM.c...
compiling Event_log.c...
compiling main1.c...
compiling security.c...
compiling eint0.c...
compiling flash.c...
flash.c(59): error:  #20: identifier "GPREG0" is undefined
flash.c:         if(GPREG0 != RTC_MAGIC)
flash.c:            ^
flash.c: flash.c: 0 warnings, 1 error
Target not created
Build target 'LPC2148'
assembling Startup.s...
compiling timer0_delay.c...
compiling LCD.c...
compiling RTC.c...
compiling LM35.c...
compiling LED_Buzzer.c...
compiling ADC_LPC2148.c...
compiling KPM.c...
compiling Event_log.c...
compiling main1.c...
compiling security.c...
compiling eint0.c...
compiling flash.c...
linking...
Program Size: Code=10468 RO-data=32 RW-data=140 ZI-data=1284  
FromELF: creating hex file...
"Safety_Monitoring.axf" - 0 Error(s), 0 Warning(s).
Build target 'LPC2148'
assembling Startup.s...
compiling timer0_delay.c...
compiling LCD.c...
compiling RTC.c...
compiling LM35.c...
compiling LED_Buzzer.c...
compiling ADC_LPC2148.c...
compiling KPM.c...
compiling Event_log.c...
compiling main1.c...
compiling security.c...
compiling eint0.c...
compiling flash.c...
linking...
Program Size: Code=9624 RO-data=32 RW-data=136 ZI-data=1256  
FromELF: creating hex file...
"Safety_Monitoring.axf" - 0 Error(s), 0 Warning(s).
Build target 'LPC2148'
assembling Startup.s...
compiling timer0_delay.c...
compiling LCD.c...
compiling RTC.c...
compiling LM35.c...
compiling LED_Buzzer.c...
compiling ADC_LPC2148.c...
compiling KPM.c...
compiling Event_log.c...
compiling main1.c...
compiling security.c...
compiling eint0.c...
compiling flash.c...
linking...
Program Size: Code=9624 RO-data=32 RW-data=136 ZI-data=1256  
FromELF: creating hex file...
"Safety_Monitoring.axf" - 0 Error(s), 0 Warning(s).
Build target 'LPC2148'
assembling Startup.s...
compiling timer0_delay.c...
compiling LCD.c...
compiling RTC.c...
compiling LM35.c...
compiling LED_Buzzer.c...
compiling ADC_LPC2148.c...
compiling KPM.c...
compiling Event_log.c...
compiling main1.c...
compiling security.c...
compiling eint0.c...
compiling flash.c...
linking...
Program Size: Code=9660 RO-data=32 RW-data=136 ZI-data=1256  
FromELF: creating hex file...
"Safety_Monitoring.axf" - 0 Error(s), 0 Warning(s).
