<html>
<body>
<pre>
<h1>µVision Build Log</h1>
<h2>Project:</h2>
E:\v25he11b13\project\Kitchen_Safety_Heat_and_Gas_Monitoring_System\kitchen_Safety_Monitoring.uvproj
Project File Date:  09/23/2026

<h2>Output:</h2>
Build target 'LPC2148'
assembling Startup.s...
compiling timer0_delay.c...
compiling LCD.c...
compiling RTC.c...
compiling LM35.c...
compiling LED_Buzzer.c...
compiling ADC_LPC2148.c...
compiling KPM.c...
compiling Event_log.c...
compiling main1.c...
compiling security.c...
compiling eint0.c...
compiling flash.c...
linking...
Program Size: Code=9660 RO-data=32 RW-data=136 ZI-data=1256  
FromELF: creating hex file...
"Safety_Monitoring.axf" - 0 Error(s), 0 Warning(s).
Build target 'LPC2148'
assembling Startup.s...
compiling timer0_delay.c...
compiling LCD.c...
compiling RTC.c...
compiling LM35.c...
compiling LED_Buzzer.c...
compiling ADC_LPC2148.c...
compiling KPM.c...
compiling Event_log.c...
compiling main1.c...
compiling security.c...
compiling eint0.c...
compiling flash.c...
linking...
Program Size: Code=9624 RO-data=32 RW-data=136 ZI-data=1256  
FromELF: creating hex file...
"Safety_Monitoring.axf" - 0 Error(s), 0 Warning(s).
Build target 'LPC2148'
assembling Startup.s...
compiling timer0_delay.c...
compiling LCD.c...
compiling RTC.c...
compiling LM35.c...
compiling LED_Buzzer.c...
compiling ADC_LPC2148.c...
compiling KPM.c...
compiling Event_log.c...
compiling main1.c...
compiling security.c...
compiling eint0.c...
compiling flash.c...
linking...
Program Size: Code=9632 RO-data=32 RW-data=136 ZI-data=1256  
FromELF: creating hex file...
"Safety_Monitoring.axf" - 0 Error(s), 0 Warning(s).
Build target 'LPC2148'
assembling Startup.s...
compiling timer0_delay.c...
compiling LCD.c...
compiling RTC.c...
compiling LM35.c...
compiling LED_Buzzer.c...
compiling ADC_LPC2148.c...
compiling KPM.c...
compiling Event_log.c...
compiling main1.c...
compiling security.c...
compiling eint0.c...
compiling flash.c...
linking...
Program Size: Code=10408 RO-data=32 RW-data=140 ZI-data=1284  
FromELF: creating hex file...
"Safety_Monitoring.axf" - 0 Error(s), 0 Warning(s).
Build target 'LPC2148'
assembling Startup.s...
compiling timer0_delay.c...
compiling LCD.c...
compiling RTC.c...
compiling LM35.c...
compiling LED_Buzzer.c...
compiling ADC_LPC2148.c...
compiling KPM.c...
compiling Event_log.c...
compiling main1.c...
compiling security.c...
compiling eint0.c...
compiling flash.c...
linking...
Program Size: Code=9616 RO-data=32 RW-data=136 ZI-data=1256  
FromELF: creating hex file...
"Safety_Monitoring.axf" - 0 Error(s), 0 Warning(s).
Build target 'LPC2148'
assembling Startup.s...
compiling timer0_delay.c...
compiling LCD.c...
compiling RTC.c...
compiling LM35.c...
compiling LED_Buzzer.c...
compiling ADC_LPC2148.c...
compiling KPM.c...
compiling Event_log.c...
compiling main1.c...
compiling security.c...
compiling eint0.c...
compiling flash.c...
linking...
Program Size: Code=9616 RO-data=32 RW-data=136 ZI-data=1256  
FromELF: creating hex file...
"Safety_Monitoring.axf" - 0 Error(s), 0 Warning(s).
Build target 'LPC2148'
assembling Startup.s...
compiling timer0_delay.c...
compiling LCD.c...
compiling RTC.c...
compiling LM35.c...
compiling LED_Buzzer.c...
compiling ADC_LPC2148.c...
compiling KPM.c...
compiling Event_log.c...
compiling main1.c...
compiling security.c...
compiling eint0.c...
compiling flash.c...
linking...
Program Size: Code=9624 RO-data=32 RW-data=136 ZI-data=1256  
FromELF: creating hex file...
"Safety_Monitoring.axf" - 0 Error(s), 0 Warning(s).
Build target 'LPC2148'
assembling Startup.s...
compiling timer0_delay.c...
compiling LCD.c...
compiling RTC.c...
compiling LM35.c...
compiling LED_Buzzer.c...
compiling ADC_LPC2148.c...
compiling KPM.c...
compiling Event_log.c...
compiling main1.c...
compiling security.c...
compiling eint0.c...
compiling flash.c...
linking...
Program Size: Code=9640 RO-data=32 RW-data=136 ZI-data=1256  
FromELF: creating hex file...
"Safety_Monitoring.axf" - 0 Error(s), 0 Warning(s).
Build target 'LPC2148'
assembling Startup.s...
compiling timer0_delay.c...
compiling LCD.c...
compiling RTC.c...
compiling LM35.c...
compiling LED_Buzzer.c...
compiling ADC_LPC2148.c...
compiling KPM.c...
compiling Event_log.c...
compiling main1.c...
compiling security.c...
compiling eint0.c...
compiling flash.c...
linking...
Program Size: Code=9648 RO-data=32 RW-data=136 ZI-data=1256  
FromELF: creating hex file...
"Safety_Monitoring.axf" - 0 Error(s), 0 Warning(s).
Build target 'LPC2148'
assembling Startup.s...
compiling timer0_delay.c...
compiling LCD.c...
compiling RTC.c...
compiling LM35.c...
compiling LED_Buzzer.c...
compiling ADC_LPC2148.c...
compiling KPM.c...
compiling Event_log.c...
compiling main1.c...
compiling security.c...
compiling eint0.c...
compiling flash.c...
linking...
Program Size: Code=9648 RO-data=32 RW-data=136 ZI-data=1256  
FromELF: creating hex file...
"Safety_Monitoring.axf" - 0 Error(s), 0 Warning(s).
Build target 'LPC2148'
assembling Startup.s...
compiling timer0_delay.c...
compiling LCD.c...
compiling RTC.c...
compiling LM35.c...
compiling LED_Buzzer.c...
compiling ADC_LPC2148.c...
compiling KPM.c...
compiling Event_log.c...
compiling main1.c...
compiling security.c...
compiling eint0.c...
compiling flash.c...
linking...
Program Size: Code=9648 RO-data=32 RW-data=136 ZI-data=1256  
FromELF: creating hex file...
"Safety_Monitoring.axf" - 0 Error(s), 0 Warning(s).
Build target 'LPC2148'
assembling Startup.s...
compiling timer0_delay.c...
compiling LCD.c...
compiling RTC.c...
RTC.c(26): error:  #65: expected a ";"
RTC.c:   } 
RTC.c:   ^
RTC.c: RTC.c: 0 warnings, 1 error
compiling LM35.c...
compiling LED_Buzzer.c...
compiling ADC_LPC2148.c...
compiling KPM.c...
compiling Event_log.c...
compiling main1.c...
compiling security.c...
compiling eint0.c...
compiling flash.c...
Target not created
Build target 'LPC2148'
assembling Startup.s...
compiling timer0_delay.c...
compiling LCD.c...
compiling RTC.c...
compiling LM35.c...
compiling LED_Buzzer.c...
compiling ADC_LPC2148.c...
compiling KPM.c...
compiling Event_log.c...
compiling main1.c...
compiling security.c...
compiling eint0.c...
compiling flash.c...
linking...
Program Size: Code=9632 RO-data=32 RW-data=136 ZI-data=1256  
FromELF: creating hex file...
"Safety_Monitoring.axf" - 0 Error(s), 0 Warning(s).
Build target 'LPC2148'
assembling Startup.s...
compiling timer0_delay.c...
compiling LCD.c...
compiling RTC.c...
compiling LM35.c...
compiling LED_Buzzer.c...
compiling ADC_LPC2148.c...
compiling KPM.c...
compiling Event_log.c...
compiling main1.c...
compiling security.c...
compiling eint0.c...
compiling flash.c...
linking...
Program Size: Code=9624 RO-data=32 RW-data=136 ZI-data=1256  
FromELF: creating hex file...
"Safety_Monitoring.axf" - 0 Error(s), 0 Warning(s).
Build target 'LPC2148'
assembling Startup.s...
compiling timer0_delay.c...
compiling LCD.c...
compiling RTC.c...
compiling LM35.c...
compiling LED_Buzzer.c...
compiling ADC_LPC2148.c...
compiling KPM.c...
compiling Event_log.c...
compiling main1.c...
compiling security.c...
compiling eint0.c...
compiling flash.c...
linking...
Program Size: Code=9624 RO-data=32 RW-data=136 ZI-data=1256  
FromELF: creating hex file...
"Safety_Monitoring.axf" - 0 Error(s), 0 Warning(s).
Build target 'LPC2148'
assembling Startup.s...
compiling timer0_delay.c...
compiling LCD.c...
compiling RTC.c...
compiling LM35.c...
compiling LED_Buzzer.c...
compiling ADC_LPC2148.c...
compiling KPM.c...
compiling Event_log.c...
compiling main1.c...
compiling security.c...
compiling eint0.c...
linking...
Program Size: Code=9624 RO-data=32 RW-data=136 ZI-data=1256  
FromELF: creating hex file...
"Safety_Monitoring.axf" - 0 Error(s), 0 Warning(s).
Build target 'LPC2148'
assembling Startup.s...
compiling timer0_delay.c...
compiling LCD.c...
compiling RTC.c...
compiling LM35.c...
compiling LED_Buzzer.c...
compiling ADC_LPC2148.c...
compiling KPM.c...
compiling Event_log.c...
compiling main1.c...
compiling security.c...
compiling eint0.c...
linking...
Program Size: Code=9624 RO-data=32 RW-data=136 ZI-data=1256  
FromELF: creating hex file...
"Safety_Monitoring.axf" - 0 Error(s), 0 Warning(s).
Build target 'LPC2148'
assembling Startup.s...
compiling timer0_delay.c...
compiling LCD.c...
compiling RTC.c...
compiling LM35.c...
compiling LED_Buzzer.c...
compiling ADC_LPC2148.c...
compiling KPM.c...
compiling Event_log.c...
compiling main1.c...
compiling security.c...
compiling eint0.c...
linking...
Program Size: Code=9628 RO-data=32 RW-data=136 ZI-data=1256  
FromELF: creating hex file...
"Safety_Monitoring.axf" - 0 Error(s), 0 Warning(s).
Build target 'LPC2148'
assembling Startup.s...
compiling timer0_delay.c...
compiling LCD.c...
compiling RTC.c...
compiling LM35.c...
compiling LED_Buzzer.c...
compiling ADC_LPC2148.c...
compiling KPM.c...
compiling Event_log.c...
compiling main1.c...
compiling security.c...
compiling eint0.c...
eint0.c(94): warning:  #223-D: function "edit_time" declared implicitly
eint0.c:                case 1: edit_time();
eint0.c:                        ^
eint0.c(96): warning:  #223-D: function "edit_date" declared implicitly
eint0.c:                case 2: edit_date();
eint0.c:                        ^
eint0.c(107): error:  #159: declaration is incompatible with previous "edit_time" (declared at line 94)
eint0.c:   void edit_time()
eint0.c:        ^
eint0.c(153): error:  #159: declaration is incompatible with previous "edit_date" (declared at line 96)
eint0.c:   void edit_date()
eint0.c:        ^
eint0.c: eint0.c: 2 warnings, 2 errors
Target not created
Build target 'LPC2148'
assembling Startup.s...
compiling timer0_delay.c...
compiling LCD.c...
compiling RTC.c...
compiling LM35.c...
eint0.h(9): warning:  #1295-D: Deprecated declaration edit_time - give arg types
eint0.h:   void edit_time();
eint0.h:        ^
types.h(2): warning:  #99-D: a declaration here must declare a parameter
types.h:   typedef unsigned int u32;
types.h:   ^
types.h(2): warning:  #231-D: declaration is not visible outside of function
types.h:   typedef unsigned int u32;
types.h:                        ^
types.h(3): warning:  #99-D: a declaration here must declare a parameter
types.h:   typedef int s32;
types.h:   ^
types.h(3): warning:  #231-D: declaration is not visible outside of function
types.h:   typedef int s32;
types.h:               ^
types.h(4): warning:  #99-D: a declaration here must declare a parameter
types.h:   typedef char s8;
types.h:   ^
types.h(4): warning:  #231-D: declaration is not visible outside of function
types.h:   typedef char s8;
types.h:                ^
types.h(5): warning:  #99-D: a declaration here must declare a parameter
types.h:   typedef const char cs8;
types.h:   ^
types.h(5): warning:  #231-D: declaration is not visible outside of function
types.h:   typedef const char cs8;
types.h:                      ^
types.h(6): warning:  #99-D: a declaration here must declare a parameter
types.h:   typedef float f32;
types.h:   ^
types.h(6): warning:  #231-D: declaration is not visible outside of function
types.h:   typedef float f32;
types.h:                 ^
types.h(7): warning:  #99-D: a declaration here must declare a parameter
types.h:   typedef unsigned char u8;
types.h:   ^
types.h(7): warning:  #231-D: declaration is not visible outside of function
types.h:   typedef unsigned char u8;
types.h:                         ^
flash.h(5): warning:  #99-D: a declaration here must declare a parameter
flash.h:   typedef struct
flash.h:   ^
flash.h(20): warning:  #231-D: declaration is not visible outside of function
flash.h:   }SYSTEM_CONFIG;
flash.h:    ^
flash.h(22): error:  #85: invalid storage class for a parameter
flash.h:   extern SYSTEM_CONFIG config;
flash.h:   ^
flash.h(22): error:  #99: a declaration here must declare a parameter
flash.h:   extern SYSTEM_CONFIG config;
flash.h:                        ^
flash.h(24): error:  #99: a declaration here must declare a parameter
flash.h:   void Flash_LoadConfig(void);
flash.h:        ^
flash.h(25): error:  #99: a declaration here must declare a parameter
flash.h:   void Flash_SaveConfig(void);
flash.h:        ^
flash.h(26): error:  #99: a declaration here must declare a parameter
flash.h:   void Flash_ClearConfig(void);
flash.h:        ^
LM35.c(11): error:  #99: a declaration here must declare a parameter
LM35.c:   u32 buzzer_muted = 0;
LM35.c:       ^
LM35.c(11): error:  #78: a parameter declaration may not have an initializer
LM35.c:   u32 buzzer_muted = 0;
LM35.c:       ^
LM35.c(12): error:  #99: a declaration here must declare a parameter
LM35.c:   f32 LM35tc(void)
LM35.c:       ^
LM35.c(13): error:  #65: expected a ";"
LM35.c:   {
LM35.c:   ^
LM35.c(63): warning:  #12-D: parsing restarts here after previous syntax error
LM35.c:                 LED_OFF();
LM35.c:                          ^
LM35.c(64): error:  #169: expected a declaration
LM35.c:                 buzzer_muted = 0;                             // ready for the next alert
LM35.c:                 ^
LM35.c(65): error:  #130: expected a "{"
LM35.c:         }
LM35.c:         ^
LM35.c(66): error:  #169: expected a declaration
LM35.c:   }
LM35.c:   ^
LM35.c: LM35.c: 16 warnings, 12 errors
compiling LED_Buzzer.c...
compiling ADC_LPC2148.c...
compiling KPM.c...
compiling Event_log.c...
compiling main1.c...
eint0.h(9): warning:  #1295-D: Deprecated declaration edit_time - give arg types
eint0.h:   void edit_time();
eint0.h:        ^
types.h(2): warning:  #99-D: a declaration here must declare a parameter
types.h:   typedef unsigned int u32;
types.h:   ^
types.h(2): warning:  #231-D: declaration is not visible outside of function
types.h:   typedef unsigned int u32;
types.h:                        ^
types.h(3): warning:  #99-D: a declaration here must declare a parameter
types.h:   typedef int s32;
types.h:   ^
types.h(3): warning:  #231-D: declaration is not visible outside of function
types.h:   typedef int s32;
types.h:               ^
types.h(4): warning:  #99-D: a declaration here must declare a parameter
types.h:   typedef char s8;
types.h:   ^
types.h(4): warning:  #231-D: declaration is not visible outside of function
types.h:   typedef char s8;
types.h:                ^
types.h(5): warning:  #99-D: a declaration here must declare a parameter
types.h:   typedef const char cs8;
types.h:   ^
types.h(5): warning:  #231-D: declaration is not visible outside of function
types.h:   typedef const char cs8;
types.h:                      ^
types.h(6): warning:  #99-D: a declaration here must declare a parameter
types.h:   typedef float f32;
types.h:   ^
types.h(6): warning:  #231-D: declaration is not visible outside of function
types.h:   typedef float f32;
types.h:                 ^
types.h(7): warning:  #99-D: a declaration here must declare a parameter
types.h:   typedef unsigned char u8;
types.h:   ^
types.h(7): warning:  #231-D: declaration is not visible outside of function
types.h:   typedef unsigned char u8;
types.h:                         ^
security.h(2): error:  #99: a declaration here must declare a parameter
security.h:   u32 CheckPassword(void);
security.h:       ^
security.h(3): error:  #99: a declaration here must declare a parameter
security.h:   void Access_Granted(void);
security.h:        ^
security.h(4): error:  #99: a declaration here must declare a parameter
security.h:   void change_password(void);
security.h:        ^
security.h(5): error:  #99: a declaration here must declare a parameter
security.h:   void Access_Denied(void);
security.h:        ^
security.h(6): error:  #85: invalid storage class for a parameter
security.h:   extern u32 System_Password;
security.h:   ^
security.h(6): error:  #99: a declaration here must declare a parameter
security.h:   extern u32 System_Password;
security.h:              ^
types.h(2): warning:  #99-D: a declaration here must declare a parameter
types.h:   typedef unsigned int u32;
types.h:   ^
types.h(3): warning:  #99-D: a declaration here must declare a parameter
types.h:   typedef int s32;
types.h:   ^
types.h(4): warning:  #99-D: a declaration here must declare a parameter
types.h:   typedef char s8;
types.h:   ^
types.h(5): warning:  #99-D: a declaration here must declare a parameter
types.h:   typedef const char cs8;
types.h:   ^
types.h(6): warning:  #99-D: a declaration here must declare a parameter
types.h:   typedef float f32;
types.h:   ^
types.h(7): warning:  #99-D: a declaration here must declare a parameter
types.h:   typedef unsigned char u8;
types.h:   ^
kpm.h(3): error:  #99: a declaration here must declare a parameter
kpm.h:   void InitKPM(void);
kpm.h:        ^
kpm.h(4): error:  #99: a declaration here must declare a parameter
kpm.h:   u32 colScan(void);
kpm.h:       ^
kpm.h(5): error:  #99: a declaration here must declare a parameter
kpm.h:   u32 Rowcheck(void);
kpm.h:       ^
kpm.h(6): error:  #99: a declaration here must declare a parameter
kpm.h:   u32 Colcheck(void);
kpm.h:       ^
kpm.h(7): error:  #99: a declaration here must declare a parameter
kpm.h:   u32 keyscan(void);
kpm.h:       ^
kpm.h(8): error:  #99: a declaration here must declare a parameter
kpm.h:   u32 ReadNum(void);
kpm.h:       ^
kpm.h(9): error:  #99: a declaration here must declare a parameter
kpm.h:   u32 ReadNum1(void);
kpm.h:       ^
types.h(2): warning:  #99-D: a declaration here must declare a parameter
types.h:   typedef unsigned int u32;
types.h:   ^
types.h(3): warning:  #99-D: a declaration here must declare a parameter
types.h:   typedef int s32;
types.h:   ^
types.h(4): warning:  #99-D: a declaration here must declare a parameter
types.h:   typedef char s8;
types.h:   ^
types.h(5): warning:  #99-D: a declaration here must declare a parameter
types.h:   typedef const char cs8;
types.h:   ^
types.h(6): warning:  #99-D: a declaration here must declare a parameter
types.h:   typedef float f32;
types.h:   ^
types.h(7): warning:  #99-D: a declaration here must declare a parameter
types.h:   typedef unsigned char u8;
types.h:   ^
timer0.h(6): error:  #99: a declaration here must declare a parameter
timer0.h:   void Init_timer0(void);
timer0.h:        ^
timer0.h(7): error:  #99: a declaration here must declare a parameter
timer0.h:   void tdelay_us(u32 us);
timer0.h:        ^
timer0.h(8): error:  #99: a declaration here must declare a parameter
timer0.h:   void tdelay_ms(u32 ms);
timer0.h:        ^
timer0.h(9): error:  #99: a declaration here must declare a parameter
timer0.h:   void tdelay_s(u32 s);
timer0.h:        ^
main1.c(15): error:  #99: a declaration here must declare a parameter
main1.c:   s32 hour, min, sec, date, month, year, day;
main1.c:       ^
main1.c(15): error:  #99: a declaration here must declare a parameter
main1.c:   s32 hour, min, sec, date, month, year, day;
main1.c:             ^
main1.c(15): error:  #99: a declaration here must declare a parameter
main1.c:   s32 hour, min, sec, date, month, year, day;
main1.c:                  ^
main1.c(15): error:  #99: a declaration here must declare a parameter
main1.c:   s32 hour, min, sec, date, month, year, day;
main1.c:                       ^
main1.c(15): error:  #99: a declaration here must declare a parameter
main1.c:   s32 hour, min, sec, date, month, year, day;
main1.c:                             ^
main1.c(15): error:  #99: a declaration here must declare a parameter
main1.c:   s32 hour, min, sec, date, month, year, day;
main1.c:                                    ^
main1.c(15): error:  #99: a declaration here must declare a parameter
main1.c:   s32 hour, min, sec, date, month, year, day;
main1.c:                                          ^
main1.c(16): error:  #99: a declaration here must declare a parameter
main1.c:   f32 tempc;
main1.c:       ^
main1.c(17): error:  #99: a declaration here must declare a parameter
main1.c:   u32 gas_logic;
main1.c:       ^
main1.c(19): error:  #99: a declaration here must declare a parameter
main1.c:   int main()
main1.c:       ^
main1.c(20): error:  #65: expected a ";"
main1.c:   {
main1.c:   ^
main1.c(67): warning:  #12-D: parsing restarts here after previous syntax error
main1.c:                    display_temp(tempc);
main1.c:                                       ^
main1.c(68): error:  #169: expected a declaration
main1.c:                        display_gas(gas_logic);
main1.c:                        ^
main1.c(69): error:  #169: expected a declaration
main1.c:                        tdelay_ms(1000);
main1.c:                        ^
main1.c: main1.c: 26 warnings, 30 errors
compiling security.c...
compiling eint0.c...
eint0.h(9): warning:  #1295-D: Deprecated declaration edit_time - give arg types
eint0.h:   void edit_time();
eint0.h:        ^
types.h(2): warning:  #99-D: a declaration here must declare a parameter
types.h:   typedef unsigned int u32;
types.h:   ^
types.h(2): warning:  #231-D: declaration is not visible outside of function
types.h:   typedef unsigned int u32;
types.h:                        ^
types.h(3): warning:  #99-D: a declaration here must declare a parameter
types.h:   typedef int s32;
types.h:   ^
types.h(3): warning:  #231-D: declaration is not visible outside of function
types.h:   typedef int s32;
types.h:               ^
types.h(4): warning:  #99-D: a declaration here must declare a parameter
types.h:   typedef char s8;
types.h:   ^
types.h(4): warning:  #231-D: declaration is not visible outside of function
types.h:   typedef char s8;
types.h:                ^
types.h(5): warning:  #99-D: a declaration here must declare a parameter
types.h:   typedef const char cs8;
types.h:   ^
types.h(5): warning:  #231-D: declaration is not visible outside of function
types.h:   typedef const char cs8;
types.h:                      ^
types.h(6): warning:  #99-D: a declaration here must declare a parameter
types.h:   typedef float f32;
types.h:   ^
types.h(6): warning:  #231-D: declaration is not visible outside of function
types.h:   typedef float f32;
types.h:                 ^
types.h(7): warning:  #99-D: a declaration here must declare a parameter
types.h:   typedef unsigned char u8;
types.h:   ^
types.h(7): warning:  #231-D: declaration is not visible outside of function
types.h:   typedef unsigned char u8;
types.h:                         ^
eint0.c(14): error:  #99: a declaration here must declare a parameter
eint0.c:   volatile u32 edit_mode=0;
eint0.c:                ^
eint0.c(14): error:  #78: a parameter declaration may not have an initializer
eint0.c:   volatile u32 edit_mode=0;
eint0.c:                ^
eint0.c(15): error:  #99: a declaration here must declare a parameter
eint0.c:   f32 temp_val = THRSHOLD_VAL;
eint0.c:       ^
eint0.c(15): error:  #78: a parameter declaration may not have an initializer
eint0.c:   f32 temp_val = THRSHOLD_VAL;
eint0.c:       ^
eint0.c(17): error:  #99: a declaration here must declare a parameter
eint0.c:   void eint0_isr(void)__irq
eint0.c:        ^
eint0.c(18): error:  #65: expected a ";"
eint0.c:   {
eint0.c:   ^
eint0.c(71): warning:  #12-D: parsing restarts here after previous syntax error
eint0.c:                        strLCD("Exiting...");
eint0.c:                                            ^
eint0.c(72): error:  #169: expected a declaration
eint0.c:                tdelay_ms(1000);
eint0.c:                ^
eint0.c(73): error:  #169: expected a declaration
eint0.c:                edit_mode = 0;
eint0.c:                ^
eint0.c(74): error:  #130: expected a "{"
eint0.c:                                break;
eint0.c:                                ^
eint0.c(77): error:  #169: expected a declaration
eint0.c:   }
eint0.c:   ^
eint0.c(101): warning:  #12-D: parsing restarts here after previous syntax error
eint0.c:                edit_mode = 0;
eint0.c:                             ^
eint0.c(102): error:  #169: expected a declaration
eint0.c:                                break;
eint0.c:                                ^
eint0.c(103): error:  #169: expected a declaration
eint0.c:        default: break;
eint0.c:        ^
eint0.c(104): error:  #169: expected a declaration
eint0.c:        }
eint0.c:        ^
eint0.c(130): warning:  #12-D: parsing restarts here after previous syntax error
eint0.c:                        u32LCD(input);
eint0.c:                                     ^
eint0.c(131): error:  #77-D: this declaration has no storage class or type specifier
eint0.c:                        temp_min = input;
eint0.c:                        ^
eint0.c(131): error:  #20: identifier "input" is undefined
eint0.c:                        temp_min = input;
eint0.c:                                   ^
eint0.c(132): error:  #169: expected a declaration
eint0.c:                }
eint0.c:                ^
eint0.c(135): warning:  #12-D: parsing restarts here after previous syntax error
eint0.c:                WRITE_LCD_CMD(0x01);
eint0.c:                                   ^
eint0.c(137): error:  #79: expected a type specifier
eint0.c:                WRITE_LCD_CMD(0x01);
eint0.c:                              ^
eint0.c(137): warning:  #77-D: this declaration has no storage class or type specifier
eint0.c:                WRITE_LCD_CMD(0x01);
eint0.c:                ^
eint0.c(137): error:  #147: declaration is incompatible with "void WRITE_LCD_CMD(u8)" (declared at line 3 of "LCD.h")
eint0.c:                WRITE_LCD_CMD(0x01);
eint0.c:                ^
eint0.c(138): error:  #79: expected a type specifier
eint0.c:                strLCD("Enter Sec(60S):");
eint0.c:                       ^
eint0.c(138): warning:  #77-D: this declaration has no storage class or type specifier
eint0.c:                strLCD("Enter Sec(60S):");
eint0.c:                ^
eint0.c(138): error:  #147: declaration is incompatible with "void strLCD(s8 *)" (declared at line 6 of "LCD.h")
eint0.c:                strLCD("Enter Sec(60S):");
eint0.c:                ^
eint0.c(139): error:  #77-D: this declaration has no storage class or type specifier
eint0.c:                input = ReadNum1();
eint0.c:                ^
eint0.c(139): error:  #59: function call is not allowed in a constant expression
eint0.c:                input = ReadNum1();
eint0.c:                        ^
eint0.c(140): error:  #169: expected a declaration
eint0.c:                if(input != 0xFFFFFFFF && input < 60)
eint0.c:                ^
eint0.c(146): warning:  #12-D: parsing restarts here after previous syntax error
eint0.c:                SET_RTC_Time_Info(temp_hr,temp_min,temp_sec);
eint0.c:                                                            ^
eint0.c(147): error:  #79: expected a type specifier
eint0.c:                WRITE_LCD_CMD(0x01);
eint0.c:                              ^
eint0.c(147): warning:  #77-D: this declaration has no storage class or type specifier
eint0.c:                WRITE_LCD_CMD(0x01);
eint0.c:                ^
eint0.c(148): error:  #79: expected a type specifier
eint0.c:                strLCD("Time Updated!");
eint0.c:                       ^
eint0.c(148): warning:  #77-D: this declaration has no storage class or type specifier
eint0.c:                strLCD("Time Updated!");
eint0.c:                ^
eint0.c(149): error:  #79: expected a type specifier
eint0.c:                tdelay_ms(1000);
eint0.c:                          ^
eint0.c(149): warning:  #77-D: this declaration has no storage class or type specifier
eint0.c:                tdelay_ms(1000);
eint0.c:                ^
eint0.c(149): error:  #147: declaration is incompatible with "void tdelay_ms(u32)" (declared at line 8 of "timer0.h")
eint0.c:                tdelay_ms(1000);
eint0.c:                ^
eint0.c(151): error:  #169: expected a declaration
eint0.c:   }
eint0.c:   ^
eint0.c(175): warning:  #12-D: parsing restarts here after previous syntax error
eint0.c:                input = ReadNum1();
eint0.c:                                  ^
eint0.c(176): error:  #169: expected a declaration
eint0.c:                if(input > 0 && input <= 12)
eint0.c:                ^
eint0.c(182): warning:  #12-D: parsing restarts here after previous syntax error
eint0.c:                WRITE_LCD_CMD(0x01);
eint0.c:                                   ^
eint0.c(184): error:  #79: expected a type specifier
eint0.c:                WRITE_LCD_CMD(0x01);
eint0.c:                              ^
eint0.c: eint0.c: 25 warnings, 30 errors
Target not created
Build target 'LPC2148'
assembling Startup.s...
compiling timer0_delay.c...
compiling LCD.c...
compiling RTC.c...
compiling LM35.c...
eint0.h(9): warning:  #1295-D: Deprecated declaration edit_time - give arg types
eint0.h:   void edit_time();
eint0.h:        ^
eint0.h(10): warning:  #1295-D: Deprecated declaration edit_date - give arg types
eint0.h:   void edit_date();
eint0.h:        ^
eint0.h: LM35.c: 2 warnings, 0 errors
compiling LED_Buzzer.c...
compiling ADC_LPC2148.c...
compiling KPM.c...
compiling Event_log.c...
compiling main1.c...
eint0.h(9): warning:  #1295-D: Deprecated declaration edit_time - give arg types
eint0.h:   void edit_time();
eint0.h:        ^
eint0.h(10): warning:  #1295-D: Deprecated declaration edit_date - give arg types
eint0.h:   void edit_date();
eint0.h:        ^
eint0.h: main1.c: 2 warnings, 0 errors
compiling security.c...
compiling eint0.c...
eint0.h(9): warning:  #1295-D: Deprecated declaration edit_time - give arg types
eint0.h:   void edit_time();
eint0.h:        ^
eint0.h(10): warning:  #1295-D: Deprecated declaration edit_date - give arg types
eint0.h:   void edit_date();
eint0.h:        ^
eint0.h: eint0.c: 2 warnings, 0 errors
linking...
Program Size: Code=9916 RO-data=32 RW-data=136 ZI-data=1256  
FromELF: creating hex file...
"Safety_Monitoring.axf" - 0 Error(s), 6 Warning(s).
Build target 'LPC2148'
assembling Startup.s...
compiling timer0_delay.c...
compiling LCD.c...
compiling RTC.c...
compiling LM35.c...
compiling LED_Buzzer.c...
compiling ADC_LPC2148.c...
compiling KPM.c...
compiling Event_log.c...
compiling main1.c...
compiling security.c...
compiling eint0.c...
linking...
Program Size: Code=9916 RO-data=32 RW-data=136 ZI-data=1256  
FromELF: creating hex file...
"Safety_Monitoring.axf" - 0 Error(s), 0 Warning(s).
Build target 'LPC2148'
assembling Startup.s...
compiling timer0_delay.c...
compiling LCD.c...
compiling RTC.c...
compiling LM35.c...
compiling LED_Buzzer.c...
compiling ADC_LPC2148.c...
compiling KPM.c...
compiling Event_log.c...
compiling main1.c...
compiling security.c...
compiling eint0.c...
linking...
Program Size: Code=9916 RO-data=32 RW-data=136 ZI-data=1256  
FromELF: creating hex file...
"Safety_Monitoring.axf" - 0 Error(s), 0 Warning(s).
Build target 'LPC2148'
assembling Startup.s...
compiling startup.c...
startup.h(1): warning:  #1-D: last line of file ends without a newline
startup.h:   void startup(void);
startup.h:                      ^
startup.c(7): warning:  #223-D: function "WRITE_LCD_CMD" declared implicitly
startup.c:              WRITE_LCD_CMD(MODE_8BIT_1LINE);
startup.c:              ^
startup.c(8): warning:  #223-D: function "strLCD" declared implicitly
startup.c:              strLCD("BHANU PRAKASH");
startup.c:              ^
startup.c(12): warning:  #1-D: last line of file ends without a newline
startup.c:   }
startup.c:    ^
startup.c: startup.c: 4 warnings, 0 errors
compiling timer0_delay.c...
compiling LCD.c...
compiling RTC.c...
compiling LM35.c...
compiling LED_Buzzer.c...
compiling ADC_LPC2148.c...
compiling KPM.c...
compiling Event_log.c...
compiling main1.c...
main1.c(22): warning:  #223-D: function "startup" declared implicitly
main1.c:        startup();
main1.c:        ^
main1.c: main1.c: 1 warning, 0 errors
compiling security.c...
compiling eint0.c...
linking...
Safety_Monitoring.axf: Warning: L6304W: Duplicate input file startup.o ignored.
Safety_Monitoring.sct(7): error: L6236E: No section matches selector - no section to be FIRST/LAST.
Safety_Monitoring.sct: Not enough information to list image symbols.
Safety_Monitoring.sct: Not enough information to list the image map.
Safety_Monitoring.sct: Finished: 2 information, 1 warning and 1 error messages.
"Safety_Monitoring.axf" - 1 Error(s), 6 Warning(s).
Build target 'LPC2148'
assembling Startup.s...
compiling startup.c...
startup.c(13): warning:  #1-D: last line of file ends without a newline
startup.c:   }
startup.c:    ^
startup.c: startup.c: 1 warning, 0 errors
compiling timer0_delay.c...
compiling LCD.c...
compiling RTC.c...
compiling LM35.c...
compiling LED_Buzzer.c...
compiling ADC_LPC2148.c...
compiling KPM.c...
compiling Event_log.c...
compiling main1.c...
main1.c(22): warning:  #223-D: function "startup" declared implicitly
main1.c:        startup();
main1.c:        ^
main1.c: main1.c: 1 warning, 0 errors
compiling security.c...
compiling eint0.c...
linking...
Safety_Monitoring.axf: Warning: L6304W: Duplicate input file startup.o ignored.
Safety_Monitoring.sct(7): error: L6236E: No section matches selector - no section to be FIRST/LAST.
Safety_Monitoring.sct: Not enough information to list image symbols.
Safety_Monitoring.sct: Not enough information to list the image map.
Safety_Monitoring.sct: Finished: 2 information, 1 warning and 1 error messages.
"Safety_Monitoring.axf" - 1 Error(s), 3 Warning(s).
Build target 'LPC2148'
assembling Startup.s...
compiling startup.c...
compiling timer0_delay.c...
compiling LCD.c...
compiling RTC.c...
compiling LM35.c...
compiling LED_Buzzer.c...
compiling ADC_LPC2148.c...
compiling KPM.c...
compiling Event_log.c...
compiling main1.c...
compiling security.c...
compiling eint0.c...
linking...
Safety_Monitoring.axf: Warning: L6304W: Duplicate input file startup.o ignored.
Safety_Monitoring.sct(7): error: L6236E: No section matches selector - no section to be FIRST/LAST.
Safety_Monitoring.sct: Not enough information to list image symbols.
Safety_Monitoring.sct: Not enough information to list the image map.
Safety_Monitoring.sct: Finished: 2 information, 1 warning and 1 error messages.
"Safety_Monitoring.axf" - 1 Error(s), 1 Warning(s).
Build target 'LPC2148'
assembling Startup.s...
compiling startup11.c...
compiling timer0_delay.c...
compiling LCD.c...
compiling RTC.c...
compiling LM35.c...
compiling LED_Buzzer.c...
compiling ADC_LPC2148.c...
compiling KPM.c...
compiling Event_log.c...
compiling main1.c...
compiling security.c...
compiling eint0.c...
linking...
Program Size: Code=10004 RO-data=32 RW-data=136 ZI-data=1256  
FromELF: creating hex file...
"Safety_Monitoring.axf" - 0 Error(s), 0 Warning(s).
